###############################################################################
#                                                                             #
# IAR ELF Linker V6.50.3.4676/W32 for ARM               02/Mar/2015  14:47:41 #
# Copyright 2007-2013 IAR Systems AB.                                         #
#                                                                             #
#    Output file  =  E:\工作用盘\DDSY23-G601\Project\Debug\Exe\G601.out       #
#    Map file     =  E:\工作用盘\DDSY23-G601\Project\Debug\List\G601.map      #
#    Command line =  E:\工作用盘\DDSY23-G601\Project\Debug\Obj\APP_Api.o      #
#                    E:\工作用盘\DDSY23-G601\Project\Debug\Obj\Billing.o      #
#                    E:\工作用盘\DDSY23-G601\Project\Debug\Obj\Buzzer.o       #
#                    E:\工作用盘\DDSY23-G601\Project\Debug\Obj\Clock.o        #
#                    E:\工作用盘\DDSY23-G601\Project\Debug\Obj\DL645_07.o     #
#                    E:\工作用盘\DDSY23-G601\Project\Debug\Obj\DLMS_Obis.o    #
#                    E:\工作用盘\DDSY23-G601\Project\Debug\Obj\Demand.o       #
#                    E:\工作用盘\DDSY23-G601\protocol\DLMS\DlmsProtocol.a     #
#                    E:\工作用盘\DDSY23-G601\Project\Debug\Obj\Drv_ADC.o      #
#                    E:\工作用盘\DDSY23-G601\Project\Debug\Obj\Drv_BT.o       #
#                    E:\工作用盘\DDSY23-G601\Project\Debug\Obj\Drv_Calibrate. #
#                    o E:\工作用盘\DDSY23-G601\Project\Debug\Obj\Drv_IO.o     #
#                    E:\工作用盘\DDSY23-G601\Project\Debug\Obj\Drv_LCD.o      #
#                    E:\工作用盘\DDSY23-G601\Project\Debug\Obj\Drv_RN8209C.o  #
#                    E:\工作用盘\DDSY23-G601\Project\Debug\Obj\Drv_RTC.o      #
#                    E:\工作用盘\DDSY23-G601\Project\Debug\Obj\Drv_RTCSecPuls #
#                    e.o E:\工作用盘\DDSY23-G601\Project\Debug\Obj\Drv_RTCcal #
#                    .o E:\工作用盘\DDSY23-G601\Project\Debug\Obj\Drv_WD.o    #
#                    E:\工作用盘\DDSY23-G601\Project\Debug\Obj\Eeprom.o       #
#                    E:\工作用盘\DDSY23-G601\Project\Debug\Obj\Energy.o       #
#                    E:\工作用盘\DDSY23-G601\Project\Debug\Obj\Event.o        #
#                    E:\工作用盘\DDSY23-G601\Project\Debug\Obj\Freeze.o       #
#                    E:\工作用盘\DDSY23-G601\Project\Debug\Obj\IAP.o          #
#                    E:\工作用盘\DDSY23-G601\Project\Debug\Obj\IIC.o          #
#                    E:\工作用盘\DDSY23-G601\Project\Debug\Obj\KeyBoard.o     #
#                    E:\工作用盘\DDSY23-G601\Project\Debug\Obj\LoadProfile.o  #
#                    E:\工作用盘\DDSY23-G601\Project\Debug\Obj\Log.o          #
#                    E:\工作用盘\DDSY23-G601\Project\Debug\Obj\MX25L3206E.o   #
#                    E:\工作用盘\DDSY23-G601\Project\Debug\Obj\MeterInfo.o    #
#                    E:\工作用盘\DDSY23-G601\Project\Debug\Obj\NvmOperation.o #
#                     E:\工作用盘\DDSY23-G601\Project\Debug\Obj\PowerManage.o #
#                     E:\工作用盘\DDSY23-G601\Project\Debug\Obj\ProtocolManag #
#                    e.o E:\工作用盘\DDSY23-G601\Project\Debug\Obj\Public.o   #
#                    E:\工作用盘\DDSY23-G601\Project\Debug\Obj\RF.o           #
#                    E:\工作用盘\DDSY23-G601\Project\Debug\Obj\RF_SPI.o       #
#                    E:\工作用盘\DDSY23-G601\Project\Debug\Obj\RF_regConfig.o #
#                     E:\工作用盘\DDSY23-G601\Project\Debug\Obj\RelayControl. #
#                    o E:\工作用盘\DDSY23-G601\Project\Debug\Obj\Screen.o     #
#                    E:\工作用盘\DDSY23-G601\Project\Debug\Obj\Tariff.o       #
#                    E:\工作用盘\DDSY23-G601\Project\Debug\Obj\TempSample.o   #
#                    E:\工作用盘\DDSY23-G601\Project\Debug\Obj\User_Prepay.o  #
#                    E:\工作用盘\DDSY23-G601\Project\Debug\Obj\User_Stsdes.o  #
#                    E:\工作用盘\DDSY23-G601\Project\Debug\Obj\adc12_fm3.o    #
#                    E:\工作用盘\DDSY23-G601\Project\Debug\Obj\bt_fm3.o       #
#                    E:\工作用盘\DDSY23-G601\Project\Debug\Obj\can_fm3.o      #
#                    E:\工作用盘\DDSY23-G601\Project\Debug\Obj\clock_fm3.o    #
#                    E:\工作用盘\DDSY23-G601\Project\Debug\Obj\cr_fm3.o       #
#                    E:\工作用盘\DDSY23-G601\Project\Debug\Obj\crc_fm3.o      #
#                    E:\工作用盘\DDSY23-G601\Project\Debug\Obj\csio_fm3.o     #
#                    E:\工作用盘\DDSY23-G601\Project\Debug\Obj\csv_fm3.o      #
#                    E:\工作用盘\DDSY23-G601\Project\Debug\Obj\dac10_fm3.o    #
#                    E:\工作用盘\DDSY23-G601\Project\Debug\Obj\display.o      #
#                    E:\工作用盘\DDSY23-G601\Project\Debug\Obj\dmac_fm3.o     #
#                    E:\工作用盘\DDSY23-G601\Project\Debug\Obj\drv_Led.o      #
#                    E:\工作用盘\DDSY23-G601\Project\Debug\Obj\drv_uart.o     #
#                    E:\工作用盘\DDSY23-G601\Project\Debug\Obj\dt_fm3.o       #
#                    E:\工作用盘\DDSY23-G601\Project\Debug\Obj\dualflash_fm3. #
#                    o E:\工作用盘\DDSY23-G601\Project\Debug\Obj\extbus_fm3.o #
#                     E:\工作用盘\DDSY23-G601\Project\Debug\Obj\extint_fm3.o  #
#                    E:\工作用盘\DDSY23-G601\Project\Debug\Obj\i2c_fm3.o      #
#                    E:\工作用盘\DDSY23-G601\Project\Debug\Obj\interrupt.o    #
#                    E:\工作用盘\DDSY23-G601\Project\Debug\Obj\io_fm3.o       #
#                    E:\工作用盘\DDSY23-G601\Project\Debug\Obj\key.o          #
#                    E:\工作用盘\DDSY23-G601\Project\Debug\Obj\lcdc_fm3.o     #
#                    E:\工作用盘\DDSY23-G601\Project\Debug\Obj\lin_fm3.o      #
#                    E:\工作用盘\DDSY23-G601\Project\Debug\Obj\lpcm_fm3.o     #
#                    E:\工作用盘\DDSY23-G601\Project\Debug\Obj\lvd_fm3.o      #
#                    E:\工作用盘\DDSY23-G601\Project\Debug\Obj\main.o         #
#                    E:\工作用盘\DDSY23-G601\Project\Debug\Obj\mainflash_fm3. #
#                    o E:\工作用盘\DDSY23-G601\Project\Debug\Obj\mfs_fm3.o    #
#                    E:\工作用盘\DDSY23-G601\Project\Debug\Obj\mft_adcmp_fm3. #
#                    o E:\工作用盘\DDSY23-G601\Project\Debug\Obj\mft_frt_fm3. #
#                    o E:\工作用盘\DDSY23-G601\Project\Debug\Obj\mft_icu_fm3. #
#                    o E:\工作用盘\DDSY23-G601\Project\Debug\Obj\mft_ocu_fm3. #
#                    o E:\工作用盘\DDSY23-G601\Project\Debug\Obj\mft_wfg_fm3. #
#                    o E:\工作用盘\DDSY23-G601\Project\Debug\Obj\qprc_fm3.o   #
#                    E:\工作用盘\DDSY23-G601\Project\Debug\Obj\rc_fm3.o       #
#                    E:\工作用盘\DDSY23-G601\Project\Debug\Obj\reset_fm3.o    #
#                    E:\工作用盘\DDSY23-G601\Project\Debug\Obj\rtc_fm3.o      #
#                    E:\工作用盘\DDSY23-G601\Project\Debug\Obj\startup_mb9xfx #
#                    xx.o E:\工作用盘\DDSY23-G601\Project\Debug\Obj\system_mb #
#                    9xfxxx.o E:\工作用盘\DDSY23-G601\Project\Debug\Obj\task. #
#                    o E:\工作用盘\DDSY23-G601\Project\Debug\Obj\uart_fm3.o   #
#                    E:\工作用盘\DDSY23-G601\Project\Debug\Obj\uid_fm3.o      #
#                    E:\工作用盘\DDSY23-G601\Project\Debug\Obj\wc_fm3.o       #
#                    E:\工作用盘\DDSY23-G601\Project\Debug\Obj\wd_fm3.o       #
#                    E:\工作用盘\DDSY23-G601\Project\Debug\Obj\workflash_fm3. #
#                    o -o E:\工作用盘\DDSY23-G601\Project\Debug\Exe\G601.out  #
#                    --map E:\工作用盘\DDSY23-G601\Project\Debug\List\G601.ma #
#                    p --log libraries,initialization,modules,redirects,secti #
#                    ons,veneers,unused_fragments --log_file                  #
#                    E:\工作用盘\DDSY23-G601\Project\Debug\List\G601.log      #
#                    --config E:\工作用盘\DDSY23-G601\Project\config\mb9afa3x #
#                    \mb9afa32.icf --semihosting --entry __iar_program_start  #
#                    --vfe                                                    #
#                                                                             #
#                                                                             #
###############################################################################

*******************************************************************************
*** RUNTIME MODEL ATTRIBUTES
***

CppFlavor       = *
__SystemLibrary = DLib


*******************************************************************************
*** PLACEMENT SUMMARY
***

"A1":  place at 0x00001000 { ro section .intvec };
"A2":  place at 0x0001ffd0 { ro section ConstSoftware };
"A3":  place at 0x0001fff0 { ro section ConstSection1 };
"P1":  place in [from 0x00001000 to 0x0001ffff] { ro };
"P2":  place in [from 0x20000000 to 0x20003fff] { rw, block CSTACK, block HEAP };

  Section             Kind        Address     Size  Object
  -------             ----        -------     ----  ------
"A1":                                        0x100
  .intvec             ro code  0x00001000    0x100  startup_mb9xfxxx.o [1]
                             - 0x00001100    0x100

"P1", part 1 of 2:                         0x1e5fc
  .rodata             const    0x00001100   0x30fc  DLMS_Obis.o [1]
  .text               ro code  0x000041fc   0x171c  Event.o [1]
  .text               ro code  0x00005918      0x6  ABImemclr4.o [6]
  .text               ro code  0x0000591e     0x2e  copy_init3.o [6]
  .text               ro code  0x0000594c    0x3ea  APP_Api.o [1]
  .text               ro code  0x00005d36      0xc  display.o [1]
  .text               ro code  0x00005d42    0x3ae  Log.o [1]
  .text               ro code  0x000060f0    0x2c4  key.o [1]
  .text               ro code  0x000063b4    0x108  lcdc_fm3.o [1]
  .text               ro code  0x000064bc    0xce4  Clock.o [1]
  .text               ro code  0x000071a0     0x14  task.o [1]
  .text               ro code  0x000071b4    0x172  NvmOperation.o [1]
  .text               ro code  0x00007326     0x22  zero_init3.o [6]
  .text               ro code  0x00007348     0xa0  Public.o [1]
  .text               ro code  0x000073e8     0x76  ABImemcpy.o [6]
  .rodata             const    0x0000745e      0x1  RF.o [1]
  .rodata             const    0x0000745f      0x1  RF.o [1]
  .text               ro code  0x00007460    0x23c  PowerManage.o [1]
  .text               ro code  0x0000769c    0xa40  User_Prepay.o [1]
  .text               ro code  0x000080dc     0x42  Drv_WD.o [1]
  .text               ro code  0x00008120   0x12f8  Drv_RN8209C.o [1]
  .text               ro code  0x00009418    0x120  DLMS_Obis.o [1]
  .text               ro code  0x00009538    0xd64  LoadProfile.o [1]
  .text               ro code  0x0000a29c    0x908  Energy.o [1]
  .text               ro code  0x0000aba4     0x3a  ABImemset48.o [6]
  .text               ro code  0x0000abe0    0x304  Buzzer.o [1]
  .text               ro code  0x0000aee4    0x394  drv_Led.o [1]
  .text               ro code  0x0000b278   0x1274  User_Stsdes.o [1]
  .text               ro code  0x0000c4ec    0x614  MeterInfo.o [1]
  .text               ro code  0x0000cb00    0x548  Demand.o [1]
  .text               ro code  0x0000d048   0x16e4  display.o [1]
  .text               ro code  0x0000e72c   0x100c  Billing.o [1]
  .text               ro code  0x0000f738    0xb64  Tariff.o [1]
  .text               ro code  0x0001029c    0x60c  IAP.o [1]
  .text               ro code  0x000108a8    0x384  RelayControl.o [1]
  .text               ro code  0x00010c2c    0x88c  DLMS_HDLC.o [3]
  .text               ro code  0x000114b8    0x3ec  Freeze.o [1]
  .text               ro code  0x000118a4    0x520  MX25L3206E.o [1]
  .text               ro code  0x00011dc4    0x268  io_fm3.o [1]
  .text               ro code  0x0001202c    0x3bc  Drv_RTC.o [1]
  .text               ro code  0x000123e8     0x66  ABImemset.o [6]
  .text               ro code  0x00012450    0x3d0  Eeprom.o [1]
  .text               ro code  0x00012820     0x88  lvd_fm3.o [1]
  .text               ro code  0x000128a8     0xa8  extint_fm3.o [1]
  .text               ro code  0x00012950    0x2c8  Drv_ADC.o [1]
  .text               ro code  0x00012c18     0x70  wd_fm3.o [1]
  .text               ro code  0x00012c88      0x8  labs.o [4]
  .text               ro code  0x00012c90     0x40  I64ToDbl.o [5]
  .text               ro code  0x00012cd0     0xf0  sqrt.o [5]
  .text               ro code  0x00012dc0     0x58  DblToI32.o [5]
  .text               ro code  0x00012e18    0x144  mft_frt_fm3.o [1]
  .text               ro code  0x00012f5c    0x61c  drv_uart.o [1]
  .text               ro code  0x00013578     0x32  I32ToFlt.o [5]
  .text               ro code  0x000135ac     0xfc  FltDiv.o [5]
  .text               ro code  0x000136a8     0x4e  FltToDbl.o [5]
  .text               ro code  0x000136f8     0xe8  acos.o [5]
  .text               ro code  0x000137e0    0x1a2  DblMul.o [5]
  .text               ro code  0x00013984    0x246  DblDiv.o [5]
  .text               ro code  0x00013bcc    0x132  I64DivMod.o [6]
  .text               ro code  0x00013d00     0x62  memcmp.o [6]
  .text               ro code  0x00013d64   0x1414  DL645_07.o [1]
  .text               ro code  0x00015178    0x24c  task.o [1]
  .text               ro code  0x000153c4    0x1d0  Screen.o [1]
  .text               ro code  0x00015594     0x30  I32ToDbl.o [5]
  .rodata             const    0x000155c4     0x5c  Event.o [1]
  .text               ro code  0x00015620    0x860  pow.o [5]
  .text               ro code  0x00015e80    0x5ec  rtc_fm3.o [1]
  .text               ro code  0x0001646c    0x278  bt_fm3.o [1]
  .text               ro code  0x000166e4    0x1b4  IIC.o [1]
  .text               ro code  0x00016898    0x238  adc12_fm3.o [1]
  .text               ro code  0x00016ad0      0xc  iarEdom.o [6]
  .text               ro code  0x00016adc    0x25c  uart_fm3.o [1]
  .text               ro code  0x00016d38     0x2e  DblCmpLe.o [5]
  .text               ro code  0x00016d68    0x180  DblSub.o [5]
  .text               ro code  0x00016ee8     0xe8  DblAdd.o [5]
  .text               ro code  0x00016fd0    0x1e0  xatan.o [5]
  .text               ro code  0x000171b0      0xc  errno.o [4]
  .text               ro code  0x000171bc      0x2  I64DivZer.o [6]
  .text               ro code  0x000171c0    0xca6  Drv_Calibrate.o [1]
  .text               ro code  0x00017e68     0x88  ProtocolManage.o [1]
  .text               ro code  0x00017ef0    0x5b0  RF.o [1]
  .text               ro code  0x000184a0     0x42  xdnorm.o [5]
  .text               ro code  0x000184e2     0x7e  xdint.o [5]
  .text               ro code  0x00018560     0x20  DblCmpEq.o [5]
  .text               ro code  0x00018580     0x2e  DblCmpGe.o [5]
  .text               ro code  0x000185b0     0xa8  xlog.o [5]
  .text               ro code  0x00018658    0x2a4  xexp.o [5]
  .text               ro code  0x000188fc      0x2  xtls.o [4]
  .text               ro code  0x00018900    0x294  Drv_RTCcal.o [1]
  .text               ro code  0x00018b94    0x55c  TempSample.o [1]
  .text               ro code  0x000190f0     0x44  FltToS32.o [5]
  .text               ro code  0x00019134     0x90  DblToFlt.o [5]
  .text               ro code  0x000191c4     0x84  FltAdd.o [5]
  .text               ro code  0x00019248     0xd8  FltMul.o [5]
  .text               ro code  0x00019320     0xe6  FltSub.o [5]
  .text               ro code  0x00019408    0x14a  DLMS_AA.o [3]
  .text               ro code  0x00019554    0x23e  RF_SPI.o [1]
  .text               ro code  0x00019792     0x32  xdtest.o [5]
  .text               ro code  0x000197c4    0x10c  xdscale.o [5]
  .text               ro code  0x000198d0    0x2c4  Drv_RTCSecPulse.o [1]
  .text               ro code  0x00019b94     0xf0  DLMS_Phy.o [3]
  .text               ro code  0x00019c84    0xcd4  DLMS_AL.o [3]
  .text               ro code  0x0001a958     0x2c  IEC62056_21_Phy.o [3]
  .text               ro code  0x0001a984    0x12e  DLMS_Api.o [3]
  .text               ro code  0x0001aab4    0x55c  DLMS_Public.o [3]
  .text               ro code  0x0001b010    0x29e  DLMS_Object.o [3]
  .text               ro code  0x0001b2b0     0x40  IEC62056_21_DL.o [3]
  .text               ro code  0x0001b2f0    0xe2c  DLMS_AES.o [3]
  .text               ro code  0x0001c11c    0x87a  main.o [1]
  .text               ro code  0x0001c998    0x140  Drv_IO.o [1]
  .text               ro code  0x0001cad8    0x13e  KeyBoard.o [1]
  .text               ro code  0x0001cc18     0xa4  Drv_LCD.o [1]
  .text               ro code  0x0001ccbc    0x106  clock_fm3.o [1]
  .text               ro code  0x0001cdc4     0xa8  Drv_BT.o [1]
  .text               ro code  0x0001ce6c     0xa8  lpcm_fm3.o [1]
  .text               ro code  0x0001cf14     0x8c  system_mb9xfxxx.o [1]
  .text               ro code  0x0001cfa0    0x784  DLMS_IC_07.o [3]
  .text               ro code  0x0001d724    0x544  DLMS_IC_20.o [3]
  .text               ro code  0x0001dc68    0x538  DLMS_IC_15.o [3]
  .text               ro code  0x0001e1a0     0xa6  DLMS_HLS.o [3]
  .text               ro code  0x0001e248    0x39c  interrupt.o [1]
  .text               ro code  0x0001e5e4     0x44  mfs_fm3.o [1]
  .text               ro code  0x0001e628    0x25c  DLMS_IC_09.o [3]
  .text               ro code  0x0001e884    0x1dc  DLMS_IC_71.o [3]
  .text               ro code  0x0001ea60    0x1c4  DLMS_IC_18.o [3]
  .text               ro code  0x0001ec24    0x154  DLMS_IC_11.o [3]
  .text               ro code  0x0001ed78    0x14c  DLMS_IC_22.o [3]
  .rodata             const    0x0001eec4     0xe8  Billing.o [1]
  .text               ro code  0x0001efac     0xe4  DLMS_IC_05.o [3]
  .text               ro code  0x0001f090     0xd4  DLMS_IC_08.o [3]
  .text               ro code  0x0001f164     0x9c  DLMS_IC_03.o [3]
  .text               ro code  0x0001f200     0x98  DLMS_IC_70.o [3]
  .text               ro code  0x0001f298     0x90  DLMS_IC_04.o [3]
  .text               ro code  0x0001f328     0x70  DLMS_IC_01.o [3]
  .rodata             const    0x0001f398     0x60  RF_regConfig.o [1]
  .rodata             const    0x0001f3f8     0x50  Billing.o [1]
  .text               ro code  0x0001f448     0x4c  DLMS_IC_19.o [3]
  .rodata             const    0x0001f494     0x28  Billing.o [1]
  .text               ro code  0x0001f4bc     0x28  data_init.o [6]
  .iar.init_table     const    0x0001f4e4     0x24  - Linker created -
  .text               ro code  0x0001f508     0x16  cmain.o [6]
  .text               ro code  0x0001f51e      0x4  low_level_init.o [4]
  .text               ro code  0x0001f522      0x4  exit.o [4]
  .text               ro code  0x0001f528      0xa  cexit.o [6]
  .text               ro code  0x0001f534     0x14  exit.o [7]
  .text               ro code  0x0001f548     0x10  startup_mb9xfxxx.o [1]
  .rodata             const    0x0001f558      0xc  Billing.o [1]
  .text               ro code  0x0001f564      0xc  cstartup_M.o [6]
  .rodata             const    0x0001f570      0x8  RF_regConfig.o [1]
  .rodata             const    0x0001f578      0x4  RF.o [1]
  .text               ro code  0x0001f57c      0x4  startup_mb9xfxxx.o [1]
  .text               ro code  0x0001f580      0x4  startup_mb9xfxxx.o [1]
  .text               ro code  0x0001f584      0x4  startup_mb9xfxxx.o [1]
  .text               ro code  0x0001f588      0x4  startup_mb9xfxxx.o [1]
  .text               ro code  0x0001f58c      0x4  startup_mb9xfxxx.o [1]
  .text               ro code  0x0001f590      0x4  startup_mb9xfxxx.o [1]
  .text               ro code  0x0001f594      0x4  startup_mb9xfxxx.o [1]
  .text               ro code  0x0001f598      0x4  startup_mb9xfxxx.o [1]
  .text               ro code  0x0001f59c      0x4  startup_mb9xfxxx.o [1]
  .text               ro code  0x0001f5a0      0x4  startup_mb9xfxxx.o [1]
  .text               ro code  0x0001f5a4      0x4  startup_mb9xfxxx.o [1]
  .text               ro code  0x0001f5a8      0x4  startup_mb9xfxxx.o [1]
  .text               ro code  0x0001f5ac      0x4  startup_mb9xfxxx.o [1]
  .text               ro code  0x0001f5b0      0x4  startup_mb9xfxxx.o [1]
  .text               ro code  0x0001f5b4      0x4  startup_mb9xfxxx.o [1]
  .text               ro code  0x0001f5b8      0x4  startup_mb9xfxxx.o [1]
  .text               ro code  0x0001f5bc      0x4  startup_mb9xfxxx.o [1]
  .text               ro code  0x0001f5c0      0x4  startup_mb9xfxxx.o [1]
  .text               ro code  0x0001f5c4      0x4  startup_mb9xfxxx.o [1]
  .text               ro code  0x0001f5c8      0x4  startup_mb9xfxxx.o [1]
  .text               ro code  0x0001f5cc      0x4  startup_mb9xfxxx.o [1]
  .text               ro code  0x0001f5d0      0x4  startup_mb9xfxxx.o [1]
  .text               ro code  0x0001f5d4      0x4  startup_mb9xfxxx.o [1]
  .text               ro code  0x0001f5d8      0x4  startup_mb9xfxxx.o [1]
  .text               ro code  0x0001f5dc      0x4  startup_mb9xfxxx.o [1]
  .text               ro code  0x0001f5e0      0x4  startup_mb9xfxxx.o [1]
  .text               ro code  0x0001f5e4      0x4  startup_mb9xfxxx.o [1]
  .text               ro code  0x0001f5e8      0x4  startup_mb9xfxxx.o [1]
  .text               ro code  0x0001f5ec      0x4  startup_mb9xfxxx.o [1]
  .text               ro code  0x0001f5f0      0x4  startup_mb9xfxxx.o [1]
  .text               ro code  0x0001f5f4      0x4  startup_mb9xfxxx.o [1]
  .text               ro code  0x0001f5f8      0x4  startup_mb9xfxxx.o [1]
  .text               ro code  0x0001f5fc      0x4  startup_mb9xfxxx.o [1]
  .text               ro code  0x0001f600      0x4  startup_mb9xfxxx.o [1]
  .text               ro code  0x0001f604      0x4  startup_mb9xfxxx.o [1]
  .text               ro code  0x0001f608      0x4  startup_mb9xfxxx.o [1]
  .text               ro code  0x0001f60c      0x4  startup_mb9xfxxx.o [1]
  .text               ro code  0x0001f610      0x4  startup_mb9xfxxx.o [1]
  .text               ro code  0x0001f614      0x4  startup_mb9xfxxx.o [1]
  .text               ro code  0x0001f618      0x4  startup_mb9xfxxx.o [1]
  .text               ro code  0x0001f61c      0x4  startup_mb9xfxxx.o [1]
  .text               ro code  0x0001f620      0x4  startup_mb9xfxxx.o [1]
  .text               ro code  0x0001f624      0x4  startup_mb9xfxxx.o [1]
  .text               ro code  0x0001f628      0x4  startup_mb9xfxxx.o [1]
  .text               ro code  0x0001f62c      0x4  startup_mb9xfxxx.o [1]
  .text               ro code  0x0001f630      0x4  startup_mb9xfxxx.o [1]
  .text               ro code  0x0001f634      0x4  startup_mb9xfxxx.o [1]
  .text               ro code  0x0001f638      0x4  startup_mb9xfxxx.o [1]
  .text               ro code  0x0001f63c      0x4  startup_mb9xfxxx.o [1]
  .text               ro code  0x0001f640      0x4  startup_mb9xfxxx.o [1]
  .text               ro code  0x0001f644      0x4  startup_mb9xfxxx.o [1]
  .text               ro code  0x0001f648      0x4  startup_mb9xfxxx.o [1]
  .text               ro code  0x0001f64c      0x4  startup_mb9xfxxx.o [1]
  .text               ro code  0x0001f650      0x4  startup_mb9xfxxx.o [1]
  .text               ro code  0x0001f654      0x4  startup_mb9xfxxx.o [1]
  .text               ro code  0x0001f658      0x4  startup_mb9xfxxx.o [1]
  .text               ro code  0x0001f65c      0x4  startup_mb9xfxxx.o [1]
  Initializer bytes   ro data  0x0001f660     0x9c  <for P2 s0>
                             - 0x0001f6fc  0x1e5fc

"A2":                                         0x20
  ConstSoftware       const    0x0001ffd0     0x20  MeterInfo.o [1]
                             - 0x0001fff0     0x20

"P1", part 2 of 2:                             0x0
  .rodata             const    0x0001fff0      0x0  zero_init3.o [6]
  .rodata             const    0x0001fff0      0x0  copy_init3.o [6]

"A3":                                         0x10
  ConstSection1       const    0x0001fff0     0x10  IAP.o [1]
                             - 0x00020000     0x10

"P2", part 1 of 3:                            0x9c
  P2 s0                        0x20000000     0x9c  <Init block>
    .data             inited   0x20000000     0x3c  adc12_fm3.o [1]
    .data             inited   0x2000003c     0x20  uart_fm3.o [1]
    .data             inited   0x2000005c     0x1c  mft_frt_fm3.o [1]
    .data             inited   0x20000078      0xd  Tariff.o [1]
    .data             inited   0x20000085      0x1  Billing.o [1]
    .data             inited   0x20000088      0xc  DLMS_Phy.o [3]
    .data             inited   0x20000094      0x4  system_mb9xfxxx.o [1]
    __DLIB_PERTHREAD  inited   0x20000098      0x4  errno.o [4]
                             - 0x2000009c     0x9c

"P2", part 2 of 3:                          0x26dc
  .bss                zero     0x2000009c    0x940  DLMS_AL.o [3]
  .bss                zero     0x200009dc    0x60c  DLMS_Api.o [3]
  .bss                zero     0x20000fe8    0x2d0  task.o [1]
  .bss                zero     0x200012b8    0x224  DLMS_AA.o [3]
  .bss                zero     0x200014dc    0x1b4  DLMS_Phy.o [3]
  .bss                zero     0x20001690     0x4c  Tariff.o [1]
  .bss                zero     0x200016e0    0x1a8  Drv_RN8209C.o [1]
  .bss                zero     0x20001888    0x17c  Demand.o [1]
  .bss                zero     0x20001a04    0x17c  Energy.o [1]
  .bss                zero     0x20001b80    0x12c  DLMS_IC_07.o [3]
  .bss                zero     0x20001cac    0x118  User_Prepay.o [1]
  .bss                zero     0x20001dc4     0xa0  Billing.o [1]
  .bss                zero     0x20001e64     0x9c  DLMS_AL.o [3]
  .bss                zero     0x20001f00     0x94  Tariff.o [1]
  .bss                zero     0x20001f94     0x88  RF.o [1]
  .bss                zero     0x2000201c     0x80  drv_uart.o [1]
  .bss                zero     0x2000209c     0x80  extint_fm3.o [1]
  .bss                zero     0x2000211c     0x78  Drv_Calibrate.o [1]
  .bss                zero     0x20002194     0x60  bt_fm3.o [1]
  .bss                zero     0x200021f4     0x60  mfs_fm3.o [1]
  .bss                zero     0x20002254     0x58  task.o [1]
  .bss                zero     0x200022ac     0x50  Drv_Calibrate.o [1]
  .bss                zero     0x200022fc     0x50  Event.o [1]
  .bss                zero     0x2000234c     0x50  IEC62056_21_DL.o [3]
  .bss                zero     0x2000239c     0x3c  Drv_ADC.o [1]
  .bss                zero     0x200023d8     0x3c  User_Stsdes.o [1]
  .bss                zero     0x20002414     0x34  User_Stsdes.o [1]
  .bss                zero     0x20002448     0x34  DLMS_HDLC.o [3]
  .bss                zero     0x2000247c     0x34  IEC62056_21_DL.o [3]
  .bss                zero     0x200024b0     0x2c  display.o [1]
  .bss                zero     0x200024dc     0x28  Screen.o [1]
  .bss                zero     0x20002504     0x24  Tariff.o [1]
  .bss                zero     0x20002528     0x20  Drv_Calibrate.o [1]
  .bss                zero     0x20002548     0x20  Drv_RTCSecPulse.o [1]
  .bss                zero     0x20002568     0x20  KeyBoard.o [1]
  .bss                zero     0x20002588     0x20  RelayControl.o [1]
  .bss                zero     0x200025a8     0x1c  Buzzer.o [1]
  .bss                zero     0x200025c4     0x1c  DL645_07.o [1]
  .bss                zero     0x200025e0     0x1c  Drv_RN8209C.o [1]
  .bss                zero     0x200025fc     0x1c  Drv_RTCcal.o [1]
  .bss                zero     0x20002618     0x1c  rtc_fm3.o [1]
  .bss                zero     0x20002634     0x14  Billing.o [1]
  .bss                zero     0x20002648     0x14  Drv_RN8209C.o [1]
  .bss                zero     0x2000265c     0x14  Drv_RTC.o [1]
  .bss                zero     0x20002670     0x14  ProtocolManage.o [1]
  .bss                zero     0x20002684     0x10  LoadProfile.o [1]
  .bss                zero     0x20002694     0x10  Tariff.o [1]
  .bss                zero     0x200026a4     0x10  drv_Led.o [1]
  .bss                zero     0x200026b4     0x10  key.o [1]
  .bss                zero     0x200026c4      0xc  Billing.o [1]
  .bss                zero     0x200026d0      0xc  Clock.o [1]
  .bss                zero     0x200026dc      0xc  Clock.o [1]
  .bss                zero     0x200026e8      0xc  Event.o [1]
  .bss                zero     0x200026f4      0xc  IAP.o [1]
  .bss                zero     0x20002700      0xc  display.o [1]
  .bss                zero     0x2000270c      0x8  Clock.o [1]
  .bss                zero     0x20002714      0x8  Freeze.o [1]
  .bss                zero     0x2000271c      0x8  LoadProfile.o [1]
  .bss                zero     0x20002724      0x8  MeterInfo.o [1]
  .bss                zero     0x2000272c      0x8  User_Prepay.o [1]
  .bss                zero     0x20002734      0x6  User_Stsdes.o [1]
  .bss                zero     0x2000273a      0x2  main.o [1]
  .bss                zero     0x2000273c      0x4  Billing.o [1]
  .bss                zero     0x20002740      0x4  Drv_LCD.o [1]
  .bss                zero     0x20002744      0x4  Event.o [1]
  .bss                zero     0x20002748      0x4  MeterInfo.o [1]
  .bss                zero     0x2000274c      0x4  PowerManage.o [1]
  .bss                zero     0x20002750      0x4  RF.o [1]
  .bss                zero     0x20002754      0x4  extint_fm3.o [1]
  .bss                zero     0x20002758      0x4  lvd_fm3.o [1]
  .bss                zero     0x2000275c      0x4  wd_fm3.o [1]
  .bss                zero     0x20002760      0x4  wd_fm3.o [1]
  .bss                zero     0x20002764      0x4  IEC62056_21_Phy.o [3]
  .bss                zero     0x20002768      0x1  Billing.o [1]
  .bss                zero     0x20002769      0x1  Billing.o [1]
  .bss                zero     0x2000276a      0x1  Energy.o [1]
  .bss                zero     0x2000276b      0x1  KeyBoard.o [1]
  .bss                zero     0x2000276c      0x1  MX25L3206E.o [1]
  .bss                zero     0x2000276d      0x1  PowerManage.o [1]
  .bss                zero     0x2000276e      0x1  PowerManage.o [1]
  .bss                zero     0x2000276f      0x1  PowerManage.o [1]
  .bss                zero     0x20002770      0x1  PowerManage.o [1]
  .bss                zero     0x20002771      0x1  PowerManage.o [1]
  .bss                zero     0x20002772      0x1  PowerManage.o [1]
  .bss                zero     0x20002773      0x1  RelayControl.o [1]
  .bss                zero     0x20002774      0x1  Screen.o [1]
  .bss                zero     0x20002775      0x1  User_Prepay.o [1]
                             - 0x20002776   0x26da

"P2", part 3 of 3:                           0xc00
  CSTACK                       0x20002778    0xc00  <Block>
    CSTACK            uninit   0x20002778    0xc00  <Block tail>
                             - 0x20003378    0xc00


*******************************************************************************
*** INIT TABLE
***

          Address     Size
          -------     ----
Zero (__iar_zero_init3)
    1 destination range, total size 0x26da:
          0x2000009c  0x26da

Copy (__iar_copy_init3)
    1 source range, total size 0x9c:
          0x0001f660    0x9c
    1 destination range, total size 0x9c:
          0x20000000    0x9c



*******************************************************************************
*** MODULE SUMMARY
***

    Module              ro code  ro data  rw data
    ------              -------  -------  -------
E:\工作用盘\DDSY23-G601\Project\Debug\Obj: [1]
    APP_Api.o             1 002
    Billing.o             4 108      365      199
    Buzzer.o                772                28
    Clock.o               3 300                32
    DL645_07.o            5 140                28
    DLMS_Obis.o             288   12 540
    Demand.o              1 352               380
    Drv_ADC.o               712                60
    Drv_BT.o                168
    Drv_Calibrate.o       3 238               232
    Drv_IO.o                320
    Drv_LCD.o               164                 4
    Drv_RN8209C.o         4 856               472
    Drv_RTC.o               956                20
    Drv_RTCSecPulse.o       708                32
    Drv_RTCcal.o            660                28
    Drv_WD.o                 66
    Eeprom.o                976
    Energy.o              2 312               381
    Event.o               5 916       92       96
    Freeze.o              1 004                 8
    IAP.o                 1 548       16       12
    IIC.o                   436
    KeyBoard.o              318                33
    LoadProfile.o         3 428                24
    Log.o                   942
    MX25L3206E.o          1 312                 1
    MeterInfo.o           1 556       32       12
    NvmOperation.o          370
    PowerManage.o           572                10
    ProtocolManage.o        136                20
    Public.o                160
    RF.o                  1 456        6      140
    RF_SPI.o                574
    RF_regConfig.o                   104
    RelayControl.o          900                33
    Screen.o                464                41
    Tariff.o              2 916       13      289
    TempSample.o          1 372
    User_Prepay.o         2 624               289
    User_Stsdes.o         4 724               118
    adc12_fm3.o             568       60       60
    bt_fm3.o                632                96
    clock_fm3.o             262
    display.o             5 872                56
    drv_Led.o               916                16
    drv_uart.o            1 564               128
    extint_fm3.o            168               132
    interrupt.o             924
    io_fm3.o                616
    key.o                   708                16
    lcdc_fm3.o              264
    lpcm_fm3.o              168
    lvd_fm3.o               136                 4
    main.o                2 170                 2
    mfs_fm3.o                68                96
    mft_frt_fm3.o           324       28       28
    rtc_fm3.o             1 516                28
    startup_mb9xfxxx.o      500
    system_mb9xfxxx.o       140        4        4
    task.o                  608               808
    uart_fm3.o              604       32       32
    wd_fm3.o                112                 8
    ---------------------------------------------
    Total:               82 666   13 292    4 536

command line: [2]
    ---------------------------------------------
    Total:

DlmsProtocol.a: [3]
    DLMS_AA.o               330               548
    DLMS_AES.o            3 628
    DLMS_AL.o             3 284             2 524
    DLMS_Api.o              302             1 548
    DLMS_HDLC.o           2 188                52
    DLMS_HLS.o              166
    DLMS_IC_01.o            112
    DLMS_IC_03.o            156
    DLMS_IC_04.o            144
    DLMS_IC_05.o            228
    DLMS_IC_07.o          1 924               300
    DLMS_IC_08.o            212
    DLMS_IC_09.o            604
    DLMS_IC_11.o            340
    DLMS_IC_15.o          1 336
    DLMS_IC_18.o            452
    DLMS_IC_19.o             76
    DLMS_IC_20.o          1 348
    DLMS_IC_22.o            332
    DLMS_IC_70.o            152
    DLMS_IC_71.o            476
    DLMS_Object.o           670
    DLMS_Phy.o              240       14      448
    DLMS_Public.o         1 372
    IEC62056_21_DL.o         64               132
    IEC62056_21_Phy.o        44                 4
    ---------------------------------------------
    Total:               20 180       14    5 556

dl7M_tln.a: [4]
    errno.o                  12        4        4
    exit.o                    4
    labs.o                    8
    low_level_init.o          4
    xtls.o                    2
    ---------------------------------------------
    Total:                   30        4        4

m7M_tl.a: [5]
    DblAdd.o                232
    DblCmpEq.o               32
    DblCmpGe.o               46
    DblCmpLe.o               46
    DblDiv.o                582
    DblMul.o                418
    DblSub.o                384
    DblToFlt.o              144
    DblToI32.o               88
    FltAdd.o                132
    FltDiv.o                252
    FltMul.o                216
    FltSub.o                230
    FltToDbl.o               78
    FltToS32.o               68
    I32ToDbl.o               48
    I32ToFlt.o               50
    I64ToDbl.o               64
    acos.o                  232
    pow.o                 2 144
    sqrt.o                  240
    xatan.o                 480
    xdint.o                 126
    xdnorm.o                 66
    xdscale.o               268
    xdtest.o                 50
    xexp.o                  676
    xlog.o                  168
    ---------------------------------------------
    Total:                7 560

rt7M_tl.a: [6]
    ABImemclr4.o              6
    ABImemcpy.o             118
    ABImemset.o             102
    ABImemset48.o            58
    I64DivMod.o             306
    I64DivZer.o               2
    cexit.o                  10
    cmain.o                  22
    copy_init3.o             46
    cstartup_M.o             12
    data_init.o              40
    iarEdom.o                12
    memcmp.o                 98
    zero_init3.o             34
    ---------------------------------------------
    Total:                  866

shb_l.a: [7]
    exit.o                   20
    ---------------------------------------------
    Total:                   20

    Gaps                     48                 6
    Linker created                    36    3 072
-------------------------------------------------
    Grand Total:        111 370   13 346   13 174


*******************************************************************************
*** ENTRY LIST
***

Entry                      Address    Size  Type      Object
-----                      -------    ----  ----      ------
?main                   0x0001f509          Code  Gb  cmain.o [6]
AA_Memory               0x200012b8   0x224  Data  Lc  DLMS_AA.o [3]
AA_Read_Addr            0x00013ea5    0x20  Code  Gb  DL645_07.o [1]
AA_Read_Meter_No        0x00013ec5    0x1e  Code  Gb  DL645_07.o [1]
ADC12Reg                0x20000000     0xc  Data  Lc  adc12_fm3.o [1]
ADC12_ClrScanFIFO       0x00016937    0x12  Code  Gb  adc12_fm3.o [1]
ADC12_DisableOpt        0x00016913    0x14  Code  Gb  adc12_fm3.o [1]
ADC12_EnableOpt         0x00016901    0x12  Code  Gb  adc12_fm3.o [1]
ADC12_EnableScanInt     0x00016a0b    0x18  Code  Gb  adc12_fm3.o [1]
ADC12_GetOptStat        0x00016927     0xa  Code  Gb  adc12_fm3.o [1]
ADC12_GetScanFIFOData   0x000169ef     0xc  Code  Gb  adc12_fm3.o [1]
ADC12_GetScanFIFOInfo   0x00016999    0x56  Code  Gb  adc12_fm3.o [1]
ADC12_GetScanStatusFlag
                        0x00016899    0x10  Code  Gb  adc12_fm3.o [1]
ADC12_SelSampleTimeReg  0x000168a9    0x20  Code  Gb  adc12_fm3.o [1]
ADC12_SelScanCh         0x000169fb    0x10  Code  Gb  adc12_fm3.o [1]
ADC12_SetCompareTime    0x000168db    0x26  Code  Gb  adc12_fm3.o [1]
ADC12_SetSampleTime0    0x000168c9    0x12  Code  Gb  adc12_fm3.o [1]
ADC12_SetScanFIFOStage  0x0001697b    0x1e  Code  Gb  adc12_fm3.o [1]
ADC12_SetScanMode       0x00016949    0x20  Code  Gb  adc12_fm3.o [1]
ADC12_StartScan         0x00016969    0x12  Code  Gb  adc12_fm3.o [1]
ADC_IntHandler          0x00016a37    0x96  Code  Gb  adc12_fm3.o [1]
AD_Sample               0x2000239c    0x3c  Data  Gb  Drv_ADC.o [1]
AES_Decrypt             0x0001b87b    0x32  Code  Gb  DLMS_AES.o [3]
AES_Encrypt             0x0001b835    0x46  Code  Gb  DLMS_AES.o [3]
AES_ExpandKey           0x0001b78f    0xa6  Code  Gb  DLMS_AES.o [3]
API_GetDataValue        0x00005af5   0x242  Code  Gb  APP_Api.o [1]
API_SetDataValue        0x0000594d   0x192  Code  Gb  APP_Api.o [1]
AddEnergyToReg          0x0000becb    0xb2  Code  Lc  User_Stsdes.o [1]
AddRoundKey             0x0001b755    0x3a  Code  Lc  DLMS_AES.o [3]
Add_Sign_79             0x0000a335    0xc6  Code  Gb  Energy.o [1]
Add_Unsign_99           0x0000a29d    0x98  Code  Lc  Energy.o [1]
Address_Change          0x00013ef7    0x12  Code  Gb  DL645_07.o [1]
AdjustCryOffset         0x00018a5f    0x3e  Code  Gb  Drv_RTCcal.o [1]
ApiBuf                  0x200009dc   0x60c  Data  Gb  DLMS_Api.o [3]
AssnObjList             0x0001a934    0x24  Data  Gb  DLMS_AL.o [3]
Association             0x20001e64    0x9c  Data  Lc  DLMS_AL.o [3]
AutomaticCalibrationData
                        0x200022b0    0x4c  Data  Gb  Drv_Calibrate.o [1]
AutomaticCalibrationProcess
                        0x000177af   0x584  Code  Gb  Drv_Calibrate.o [1]
BT_IntHandler           0x0001666f    0x66  Code  Gb  bt_fm3.o [1]
BT_PWMDisableCount      0x00016629     0x2  Code  Gb  bt_fm3.o [1]
BT_PWMDisableDutyMatchInt
                        0x000165d7    0x1a  Code  Gb  bt_fm3.o [1]
BT_PWMDisableUnderflowInt
                        0x00016599     0x2  Code  Gb  bt_fm3.o [1]
BT_PWMEnableCount       0x0001660d     0x2  Code  Gb  bt_fm3.o [1]
BT_PWMEnableDutyMatchInt
                        0x000165b5    0x22  Code  Gb  bt_fm3.o [1]
BT_PWMEnableUnderflowInt
                        0x00016577     0x2  Code  Gb  bt_fm3.o [1]
BT_PWMInit              0x00016537    0x40  Code  Gb  bt_fm3.o [1]
BT_PWMStartSoftTrig     0x000165f1     0x2  Code  Gb  bt_fm3.o [1]
BT_RTDisableCount       0x00016533     0x2  Code  Gb  bt_fm3.o [1]
BT_RTDisableUnderflowInt
                        0x0001652d     0x2  Code  Gb  bt_fm3.o [1]
BT_RTEnableCount        0x00016531     0x2  Code  Gb  bt_fm3.o [1]
BT_RTEnableUnderflowInt
                        0x0001652b     0x2  Code  Gb  bt_fm3.o [1]
BT_RTGet16bitCount      0x00016535     0x2  Code  Gb  bt_fm3.o [1]
BT_RTInit               0x000164b7    0x74  Code  Gb  bt_fm3.o [1]
BT_RTStartSoftTrig      0x0001652f     0x2  Code  Gb  bt_fm3.o [1]
BT_SetIOMode            0x0001646d    0x4a  Code  Gb  bt_fm3.o [1]
BattLowState            0x20002772     0x1  Data  Lc  PowerManage.o [1]
BaudRate_Config         0x00013095    0x50  Code  Gb  drv_uart.o [1]
Bcd_Hex                 0x0000b2ab    0x3e  Code  Gb  User_Stsdes.o [1]
BillingCalcCurBillingTime
                        0x0000e823    0x44  Code  Lc  Billing.o [1]
BillingDataCheckInit    0x0000ec9d    0xde  Code  Lc  Billing.o [1]
BillingDataGet          0x0000e923    0x9a  Code  Lc  Billing.o [1]
BillingDataInit         0x0000ed7b    0x7a  Code  Lc  Billing.o [1]
BillingDataSave         0x0000e9bd    0x58  Code  Gb  Billing.o [1]
BillingFlashDataCopy    0x0000eb59   0x116  Code  Lc  Billing.o [1]
BillingGetBillingTime   0x0000f2b1    0x3a  Code  Gb  Billing.o [1]
BillingGetDataLen       0x0000eb15    0x16  Code  Lc  Billing.o [1]
BillingGetDataPosition  0x0000ee91    0x6e  Code  Lc  Billing.o [1]
BillingIsCheckSumRight  0x0000ec6f    0x2e  Code  Lc  Billing.o [1]
BillingIsDataIdBillingPeriod
                        0x0000f1c5    0x7a  Code  Gb  Billing.o [1]
BillingIsManualBillingEnable
                        0x0000f379    0x18  Code  Gb  Billing.o [1]
BillingLogInit          0x0000eb2b    0x2e  Code  Lc  Billing.o [1]
BillingManualInfoInit   0x0000f07b    0xbe  Code  Lc  Billing.o [1]
BillingMaxDemandGet     0x0000e867    0xbc  Code  Lc  Billing.o [1]
BillingMaxDemandInit    0x0000edf5    0x8e  Code  Lc  Billing.o [1]
BillingMeterClear       0x0000eff9    0x82  Code  Gb  Billing.o [1]
BillingMonthRepair      0x0000ea15   0x100  Code  Lc  Billing.o [1]
BillingParaGet          0x0000f3b1   0x214  Code  Gb  Billing.o [1]
BillingParaSet          0x0000f5d1   0x120  Code  Gb  Billing.o [1]
BillingPeriodDataGet    0x0000eeff    0x92  Code  Gb  Billing.o [1]
BillingPeriodDataPointGet
                        0x0000ee83     0xe  Code  Lc  Billing.o [1]
BillingPeriodMonthEnergyGet
                        0x0000f139    0x7c  Code  Lc  Billing.o [1]
BillingPowerDownProcess
                        0x0000f23f    0x62  Code  Gb  Billing.o [1]
BillingPowerUpInit      0x0000f1b5    0x10  Code  Gb  Billing.o [1]
BillingProcess          0x0000f2eb    0x8e  Code  Gb  Billing.o [1]
BillingResetBillingTime
                        0x0000f2a1    0x10  Code  Gb  Billing.o [1]
BillingSaveMaxDemand    0x0000ef91    0x68  Code  Lc  Billing.o [1]
BinToBcd                0x00013d9b    0x32  Code  Gb  DL645_07.o [1]
Bit64_To_Byte8          0x0000b4f7    0xa2  Code  Lc  User_Stsdes.o [1]
Broadcast_Read_Addr     0x00013e09    0x2e  Code  Gb  DL645_07.o [1]
Broadcast_write_Addr    0x00013e37    0x26  Code  Gb  DL645_07.o [1]
BusFault_Handler        0x0001f589          Code  Wk  startup_mb9xfxxx.o [1]
BuzzAlarmPowerUpInit    0x0000abe1    0x24  Code  Gb  Buzzer.o [1]
BuzzAlarmPowerdown      0x0000ac0b     0x2  Code  Gb  Buzzer.o [1]
Buzz_Alarm_Ctr_Task     0x0000ae75     0xc  Code  Gb  Buzzer.o [1]
Buzz_Alarm_State_Task   0x0000aca5   0x1ca  Code  Gb  Buzzer.o [1]
Buzz_Driver_Task        0x0000ac2b    0x7a  Code  Gb  Buzzer.o [1]
Buzz_Test_Task          0x0000ae81    0x1a  Code  Gb  Buzzer.o [1]
Buzz_Testing            0x200025b4     0x1  Data  Lc  Buzzer.o [1]
BuzzerParaGet           0x0000ae9b    0x16  Code  Gb  Buzzer.o [1]
BuzzerParaSet           0x0000aeb1    0x28  Code  Gb  Buzzer.o [1]
BuzzerVariable          0x200025a8     0xc  Data  Gb  Buzzer.o [1]
Byte8_To_Bit64          0x0000b599    0x72  Code  Lc  User_Stsdes.o [1]
CC1101_ExtInt_disable   0x00017f77    0x10  Code  Gb  RF.o [1]
CC1101_ExtInt_enable    0x00017f63    0x14  Code  Gb  RF.o [1]
CC1101_ExtInt_init      0x00017f1f    0x44  Code  Lc  RF.o [1]
CC1101_Recv             0x000183db    0x9a  Code  Gb  RF.o [1]
CC1101_RxMode           0x00018167    0x26  Code  Lc  RF.o [1]
CC1101_Send             0x000182fd    0xa4  Code  Gb  RF.o [1]
CC1101_available        0x000183a1    0x3a  Code  Gb  RF.o [1]
CC1101_init             0x000182ab    0x52  Code  Gb  RF.o [1]
CC1101_initStep         0x0001826b    0x40  Code  Lc  RF.o [1]
CC1101_pinMode          0x00017f87   0x106  Code  Lc  RF.o [1]
CC1101_pinModePowerOff  0x0001808d    0xda  Code  Gb  RF.o [1]
CC1101_regConfigTab     0x0001f398    0x60  Data  Gb  RF_regConfig.o [1]
CC1101_regSetting       0x00018211    0x3c  Code  Lc  RF.o [1]
CC1101_reset            0x0001818d    0x84  Code  Lc  RF.o [1]
CC1101_setPATable       0x0001824d     0xe  Code  Lc  RF.o [1]
CC1101_setTxPower       0x0001825b    0x10  Code  Lc  RF.o [1]
COMRxMonitoringTask     0x00013047    0x18  Code  Gb  drv_uart.o [1]
COMRxResetTmr           0x00012f99    0x22  Code  Gb  drv_uart.o [1]
COMRxTimeOut            0x00012f7b    0x1e  Code  Gb  drv_uart.o [1]
COMTxEnd                0x00012fe5    0x2a  Code  Gb  drv_uart.o [1]
COMTxMonitoringTask     0x0001305f    0x1e  Code  Gb  drv_uart.o [1]
COMTxStart              0x00012fbb    0x2a  Code  Gb  drv_uart.o [1]
COMTxTimeOut            0x0001300f    0x30  Code  Gb  drv_uart.o [1]
CSTACK$$Base            0x20002778           --   Gb  - Linker created -
CSTACK$$Limit           0x20003378           --   Gb  - Linker created -
CalAppentPower          0x00008577    0x20  Code  Lc  Drv_RN8209C.o [1]
CalParameter            0x200025fc    0x1c  Data  Gb  Drv_RTCcal.o [1]
CalcCalendarToDays      0x00006f83    0x70  Code  Gb  Clock.o [1]
CaliProcess             0x0001894f    0xfc  Code  Gb  Drv_RTCcal.o [1]
CaliProcessTask         0x00018a4b    0x14  Code  Gb  Drv_RTCcal.o [1]
CalibrateComData        0x20002528    0x1c  Data  Gb  Drv_Calibrate.o [1]
Calibrate_meter         0x20001758    0x4c  Data  Gb  Drv_RN8209C.o [1]
CalibrationStatusType   0x20002544     0x4  Data  Gb  Drv_Calibrate.o [1]
CaptureObjDataTypeGet   0x0001d083    0x46  Code  Lc  DLMS_IC_07.o [3]
ChannelInit             0x0001307d    0x18  Code  Gb  drv_uart.o [1]
CheckEepromBytes        0x00012705   0x116  Code  Gb  Eeprom.o [1]
CheckRTCSfr             0x00012043    0x26  Code  Gb  Drv_RTC.o [1]
CheckTokenId            0x0000ba65    0xd0  Code  Lc  User_Stsdes.o [1]
CheckWildcard           0x000064bd    0xd4  Code  Lc  Clock.o [1]
Clear_Month_Use_Energy  0x00007fc1     0xa  Code  Gb  User_Prepay.o [1]
Clear_Prepay            0x00007fb5     0xc  Code  Gb  User_Prepay.o [1]
Clear_STS               0x0000b33f    0x82  Code  Gb  User_Stsdes.o [1]
ClockBatteryUpInit      0x00006ab9    0x9a  Code  Gb  Clock.o [1]
ClockDriveTimeToUseTime
                        0x0000674d    0x38  Code  Lc  Clock.o [1]
ClockIsTimeInDST        0x00006873    0x62  Code  Lc  Clock.o [1]
ClockPowerUpInit        0x00006ab7     0x2  Code  Gb  Clock.o [1]
ClockResetBroadcastFlag
                        0x00006a41    0x2e  Code  Lc  Clock.o [1]
ClockSetTime            0x000068d5   0x15c  Code  Lc  Clock.o [1]
ClockUpdate             0x00006a83    0x34  Code  Lc  Clock.o [1]
ClockUseTimeToDriveTime
                        0x00006785    0x36  Code  Lc  Clock.o [1]
Clock_CheckDST          0x00006ba1    0x3c  Code  Gb  Clock.o [1]
Clock_CmpDateTime12     0x00006e9f    0xe4  Code  Gb  Clock.o [1]
Clock_DST_Switch        0x00006823    0x50  Code  Lc  Clock.o [1]
Clock_GetPowerDownTime  0x00006bdd    0x14  Code  Gb  Clock.o [1]
Clock_GetTime           0x00006b81    0x20  Code  Gb  Clock.o [1]
Clock_ParaGet           0x00006ff5    0xcc  Code  Gb  Clock.o [1]
Clock_ParaSet           0x000070c1    0x9a  Code  Gb  Clock.o [1]
Clock_Process           0x00006b53    0x2e  Code  Gb  Clock.o [1]
Clock_SaveClockStatus   0x000067e5    0x2e  Code  Lc  Clock.o [1]
Clock_TimeAdjust_DST_Dur
                        0x000067bb    0x2a  Code  Lc  Clock.o [1]
ClrBuzzerTime           0x0000ac17    0x14  Code  Gb  Buzzer.o [1]
ClrLCD_Buf              0x00015441     0x2  Code  Gb  Screen.o [1]
ClrallLCD               0x0001543f     0x2  Code  Gb  Screen.o [1]
CmpCallback             0x20000030     0xc  Data  Lc  adc12_fm3.o [1]
Com_Sign_Driver         0x0001544d    0x30  Code  Gb  Screen.o [1]
Com_Sign_flag           0x0001547d    0x1e  Code  Gb  Screen.o [1]
Comm                    0x2000201c    0x80  Data  Gb  drv_uart.o [1]
Comper_String           0x0000f739    0x54  Code  Gb  Tariff.o [1]
Comper_String_FF        0x0000769d    0x30  Code  Lc  User_Prepay.o [1]
Config_SystemClock_Priority
                        0x0001ce11    0x4c  Code  Gb  Drv_BT.o [1]
CosemMem                0x2000009c    0x20  Data  Lc  DLMS_AL.o [3]
CoverDetectProcess      0x00006277    0x66  Code  Gb  key.o [1]
CoverKeyStateGet        0x00006383     0x6  Code  Gb  key.o [1]
Crc16_Check             0x0000b40f    0x40  Code  Lc  User_Stsdes.o [1]
CurAssnObis             0x0001a92c     0x8  Data  Gb  DLMS_AL.o [3]
DIx                     0x200025c4     0x4  Data  Lc  DL645_07.o [1]
DLMS_AA_Init            0x00019409    0x44  Code  Gb  DLMS_AA.o [3]
DLMS_AA_Process         0x0001944d    0xec  Code  Gb  DLMS_AA.o [3]
DLMS_AL_BroadcastProcess
                        0x0001a767    0x6a  Code  Gb  DLMS_AL.o [3]
DLMS_AL_Disconnect      0x0001a6f1     0xe  Code  Gb  DLMS_AL.o [3]
DLMS_AL_Init            0x0001a6b9    0x38  Code  Gb  DLMS_AL.o [3]
DLMS_AL_Pending         0x0001a6ff    0x68  Code  Gb  DLMS_AL.o [3]
DLMS_AL_Process         0x0001a7d1   0x110  Code  Gb  DLMS_AL.o [3]
DLMS_AareEncode         0x0001a007   0x190  Code  Lc  DLMS_AL.o [3]
DLMS_AarqDecode         0x00019c99   0x34c  Code  Lc  DLMS_AL.o [3]
DLMS_AccessResultEncode
                        0x0001a1a9    0x52  Code  Lc  DLMS_AL.o [3]
DLMS_Api_GetObjInfo     0x0001a9b5    0xfe  Code  Gb  DLMS_Api.o [3]
DLMS_Api_LlsSecretCmp   0x0001a985    0x2a  Code  Gb  DLMS_Api.o [3]
DLMS_CosemServices      0x0001a493   0x220  Code  Lc  DLMS_AL.o [3]
DLMS_DataLenQuery       0x0001af0d    0x9e  Code  Gb  DLMS_Public.o [3]
DLMS_DecodeAsnLen       0x0001ab33    0x30  Code  Gb  DLMS_Public.o [3]
DLMS_DecodeData         0x0001ad25   0x194  Code  Gb  DLMS_Public.o [3]
DLMS_EncodeAsnLen       0x0001ab0d    0x26  Code  Gb  DLMS_Public.o [3]
DLMS_EncodeDate         0x0001ac0f    0x16  Code  Gb  DLMS_Public.o [3]
DLMS_EncodeDateTime     0x0001aba1    0x6e  Code  Gb  DLMS_Public.o [3]
DLMS_EncodeScalerUnit   0x0001aae9    0x24  Code  Gb  DLMS_Public.o [3]
DLMS_EncodeScriptData   0x0001aeb9    0x54  Code  Gb  DLMS_Public.o [3]
DLMS_EncodeSimpleData   0x0001ac39    0xde  Code  Gb  DLMS_Public.o [3]
DLMS_EncodeString       0x0001ab63    0x3e  Code  Gb  DLMS_Public.o [3]
DLMS_EncodeTime         0x0001ac25    0x14  Code  Gb  DLMS_Public.o [3]
DLMS_HDLC_AddrFill      0x00010c31    0x68  Code  Lc  DLMS_HDLC.o [3]
DLMS_HDLC_ClearFirstConnectFlag
                        0x000114ad     0x8  Code  Gb  DLMS_HDLC.o [3]
DLMS_HDLC_ConnAddrGet   0x0001128f     0xe  Code  Gb  DLMS_HDLC.o [3]
DLMS_HDLC_ConnectState  0x000112d7    0x10  Code  Gb  DLMS_HDLC.o [3]
DLMS_HDLC_DM            0x00010ee7    0x1e  Code  Lc  DLMS_HDLC.o [3]
DLMS_HDLC_FRMR          0x00010c99    0x86  Code  Lc  DLMS_HDLC.o [3]
DLMS_HDLC_FrameCheck    0x000110a7   0x19c  Code  Lc  DLMS_HDLC.o [3]
DLMS_HDLC_GetFirstConnectFlag
                        0x000114a7     0x6  Code  Gb  DLMS_HDLC.o [3]
DLMS_HDLC_II            0x00010f73   0x134  Code  Lc  DLMS_HDLC.o [3]
DLMS_HDLC_Init          0x00011243    0x3c  Code  Gb  DLMS_HDLC.o [3]
DLMS_HDLC_Packing       0x0001127f    0x10  Code  Gb  DLMS_HDLC.o [3]
DLMS_HDLC_Process       0x000112e7   0x1c0  Code  Gb  DLMS_HDLC.o [3]
DLMS_HDLC_RR            0x00010f05    0x22  Code  Lc  DLMS_HDLC.o [3]
DLMS_HDLC_SNRM          0x00010d1f    0xc2  Code  Lc  DLMS_HDLC.o [3]
DLMS_HDLC_TimeoutQuery  0x000112a9    0x2e  Code  Gb  DLMS_HDLC.o [3]
DLMS_HDLC_TimeoutReset  0x0001129d     0xc  Code  Gb  DLMS_HDLC.o [3]
DLMS_HDLC_UA            0x00010de1    0xd4  Code  Lc  DLMS_HDLC.o [3]
DLMS_HLS_AES_Auth       0x0001e1a1    0x78  Code  Gb  DLMS_HLS.o [3]
DLMS_HLS_KeyChange      0x0001e219    0x2e  Code  Gb  DLMS_HLS.o [3]
DLMS_IC_01_DataGet      0x0001f329    0x3c  Code  Gb  DLMS_IC_01.o [3]
DLMS_IC_01_DataObj      0x0000113c   0x614  Data  Gb  DLMS_Obis.o [1]
DLMS_IC_01_DataSet      0x0001f369    0x30  Code  Gb  DLMS_IC_01.o [3]
DLMS_IC_03_RegisterGet  0x0001f165    0x66  Code  Gb  DLMS_IC_03.o [3]
DLMS_IC_03_RegisterObj  0x00001750  0x18b4  Data  Gb  DLMS_Obis.o [1]
DLMS_IC_03_RegisterSet  0x0001f1d1    0x30  Code  Gb  DLMS_IC_03.o [3]
DLMS_IC_04_ExtRegisterObj
                        0x00003004   0xb7c  Data  Gb  DLMS_Obis.o [1]
DLMS_IC_04_ExtendedRegisterGet
                        0x0001f299    0x90  Code  Gb  DLMS_IC_04.o [3]
DLMS_IC_05_DemandRegisterGet
                        0x0001efad    0xac  Code  Gb  DLMS_IC_05.o [3]
DLMS_IC_05_DemandRegisterObj
                        0x00003b80   0x1a4  Data  Gb  DLMS_Obis.o [1]
DLMS_IC_05_DemandRegisterSet
                        0x0001f05d    0x34  Code  Gb  DLMS_IC_05.o [3]
DLMS_IC_07_Obj          0x00003d24   0x26c  Data  Gb  DLMS_Obis.o [1]
DLMS_IC_07_ProfileAction
                        0x0001d6ed    0x38  Code  Gb  DLMS_IC_07.o [3]
DLMS_IC_07_ProfileGet   0x0001d569    0xdc  Code  Gb  DLMS_IC_07.o [3]
DLMS_IC_07_ProfileSet   0x0001d645    0xa0  Code  Gb  DLMS_IC_07.o [3]
DLMS_IC_08_ClockAction  0x0001f161     0x4  Code  Gb  DLMS_IC_08.o [3]
DLMS_IC_08_ClockGet     0x0001f091    0x96  Code  Gb  DLMS_IC_08.o [3]
DLMS_IC_08_ClockSet     0x0001f12d    0x34  Code  Gb  DLMS_IC_08.o [3]
DLMS_IC_08_Obj          0x00003f90    0x28  Data  Gb  DLMS_Obis.o [1]
DLMS_IC_09_ScriptAction
                        0x0001e82d    0x50  Code  Gb  DLMS_IC_09.o [3]
DLMS_IC_09_ScriptGet    0x0001e629   0x1cc  Code  Gb  DLMS_IC_09.o [3]
DLMS_IC_09_ScriptObj    0x00003fb8    0x50  Data  Gb  DLMS_Obis.o [1]
DLMS_IC_09_ScriptSet    0x0001e829     0x4  Code  Gb  DLMS_IC_09.o [3]
DLMS_IC_11_SpecialDayGet
                        0x0001ec25    0xb2  Code  Gb  DLMS_IC_11.o [3]
DLMS_IC_11_SpecialDayObj
                        0x00004008    0x14  Data  Gb  DLMS_Obis.o [1]
DLMS_IC_11_SpecialDaySet
                        0x0001ecd7    0x9e  Code  Gb  DLMS_IC_11.o [3]
DLMS_IC_15_AssociationLnAction
                        0x0001e081   0x102  Code  Gb  DLMS_IC_15.o [3]
DLMS_IC_15_AssociationLnGet
                        0x0001dc69   0x3da  Code  Gb  DLMS_IC_15.o [3]
DLMS_IC_15_AssociationLnObj
                        0x00001100    0x3c  Data  Gb  DLMS_Obis.o [1]
DLMS_IC_15_AssociationLnSet
                        0x0001e043    0x3e  Code  Gb  DLMS_IC_15.o [3]
DLMS_IC_18_ImageTransferAction
                        0x0001eb31    0xf0  Code  Gb  DLMS_IC_18.o [3]
DLMS_IC_18_ImageTransferGet
                        0x0001ea61    0xc0  Code  Gb  DLMS_IC_18.o [3]
DLMS_IC_18_ImageTransferObj
                        0x0000401c    0x14  Data  Gb  DLMS_Obis.o [1]
DLMS_IC_19_IecPortSetupGet
                        0x0001f449    0x42  Code  Gb  DLMS_IC_19.o [3]
DLMS_IC_19_IecPortSetupObj
                        0x00004030    0x14  Data  Gb  DLMS_Obis.o [1]
DLMS_IC_19_IecPortSetupSet
                        0x0001f491     0x4  Code  Gb  DLMS_IC_19.o [3]
DLMS_IC_20_CalendarAction
                        0x0001dc65     0x4  Code  Gb  DLMS_IC_20.o [3]
DLMS_IC_20_CalendarDayProfileGet
                        0x0001d88d    0xf6  Code  Lc  DLMS_IC_20.o [3]
DLMS_IC_20_CalendarDayProfileSet
                        0x0001daab    0xa4  Code  Lc  DLMS_IC_20.o [3]
DLMS_IC_20_CalendarGet  0x0001db51    0x66  Code  Gb  DLMS_IC_20.o [3]
DLMS_IC_20_CalendarNameGet
                        0x0001d725    0x22  Code  Lc  DLMS_IC_20.o [3]
DLMS_IC_20_CalendarObj  0x00004044    0x14  Data  Gb  DLMS_Obis.o [1]
DLMS_IC_20_CalendarSeasonProfileGet
                        0x0001d7ed    0x6c  Code  Lc  DLMS_IC_20.o [3]
DLMS_IC_20_CalendarSeasonProfileSet
                        0x0001d98f    0x78  Code  Lc  DLMS_IC_20.o [3]
DLMS_IC_20_CalendarSet  0x0001dbbf    0xa2  Code  Gb  DLMS_IC_20.o [3]
DLMS_IC_20_CalendarWeekProfileGet
                        0x0001d747    0xa6  Code  Lc  DLMS_IC_20.o [3]
DLMS_IC_20_CalendarWeekProfileSet
                        0x0001da07    0x92  Code  Lc  DLMS_IC_20.o [3]
DLMS_IC_22_SingleActionGet
                        0x0001ed79    0xca  Code  Gb  DLMS_IC_22.o [3]
DLMS_IC_22_SingleActionObj
                        0x00004058    0x14  Data  Gb  DLMS_Obis.o [1]
DLMS_IC_22_SingleActionSet
                        0x0001ee4f    0x72  Code  Gb  DLMS_IC_22.o [3]
DLMS_IC_70_DisconnectControlAction
                        0x0001f261    0x38  Code  Gb  DLMS_IC_70.o [3]
DLMS_IC_70_DisconnectControlGet
                        0x0001f201    0x5a  Code  Gb  DLMS_IC_70.o [3]
DLMS_IC_70_DisconnectControlObj
                        0x0000406c    0x14  Data  Gb  DLMS_Obis.o [1]
DLMS_IC_71_LimiterGet   0x0001e885   0x178  Code  Gb  DLMS_IC_71.o [3]
DLMS_IC_71_LimiterObj   0x00004080    0x14  Data  Gb  DLMS_Obis.o [1]
DLMS_IC_71_LimiterSet   0x0001ea13    0x48  Code  Gb  DLMS_IC_71.o [3]
DLMS_LnReqDecode        0x0001a1fb   0x126  Code  Lc  DLMS_AL.o [3]
DLMS_Phy_ClearCurChannel
                        0x00019c5d     0xe  Code  Gb  DLMS_Phy.o [3]
DLMS_Phy_Init           0x00019b95    0x30  Code  Gb  DLMS_Phy.o [3]
DLMS_Phy_Receiving      0x00019bd1    0x72  Code  Gb  DLMS_Phy.o [3]
DLMS_Phy_Sending        0x00019c43    0x1a  Code  Gb  DLMS_Phy.o [3]
DLMS_Phy_TimeCnt        0x00019c71     0xc  Code  Gb  DLMS_Phy.o [3]
DLMS_Phy_TimerGet       0x00019c6b     0x6  Code  Gb  DLMS_Phy.o [3]
DLMS_ServiceErrorEncode
                        0x00019c85    0x14  Code  Lc  DLMS_AL.o [3]
DLMS_SetBlock           0x0001a3cb    0xba  Code  Lc  DLMS_AL.o [3]
DLMS_SetFirstBlock      0x0001a321    0xaa  Code  Lc  DLMS_AL.o [3]
DLMS_SizeofDataType     0x0001afab    0x32  Code  Gb  DLMS_Public.o [3]
DLT645Main              0x00014eb1   0x258  Code  Gb  DL645_07.o [1]
DRV_ADC_Get             0x00012a77    0x20  Code  Gb  Drv_ADC.o [1]
DRV_ADC_GetAvg          0x00012a97    0x84  Code  Gb  Drv_ADC.o [1]
DRV_ADC_Init            0x0001296b    0xcc  Code  Gb  Drv_ADC.o [1]
DRV_ADC_Off             0x00012a47    0x10  Code  Gb  Drv_ADC.o [1]
DRV_ADC_On              0x00012a57    0x1a  Code  Gb  Drv_ADC.o [1]
DRV_ADC_StartSleepTask  0x00012bf7    0x22  Code  Gb  Drv_ADC.o [1]
DRV_ADC_StartTask       0x00012a71     0x6  Code  Gb  Drv_ADC.o [1]
DRV_BT_TaskAdd          0x000153c1     0x4  Code  Gb  task.o [1]
DRV_Calibrate_PRO_SWI_INIT
                        0x000171c1     0x2  Code  Gb  Drv_Calibrate.o [1]
DRV_Calibrate_PRO_SWI_POWER_DOWN_INIT
                        0x000171c3     0x2  Code  Gb  Drv_Calibrate.o [1]
DRV_EMU_250us_Energy_Pulse
                        0x00008597    0x64  Code  Lc  Drv_RN8209C.o [1]
DRV_EMU_Initial         0x000082e5    0xb2  Code  Lc  Drv_RN8209C.o [1]
DRV_EMU_Initial_Calibrate
                        0x0000876f    0x5a  Code  Gb  Drv_RN8209C.o [1]
DRV_EMU_Initial_PowerOn
                        0x000085fb   0x174  Code  Lc  Drv_RN8209C.o [1]
DRV_EMU_Measure_Status  0x00008e59    0x5e  Code  Gb  Drv_RN8209C.o [1]
DRV_EMU_PowerDownInit   0x00009117    0x5c  Code  Gb  Drv_RN8209C.o [1]
DRV_EMU_PowerUpInit     0x000091bb    0x5a  Code  Gb  Drv_RN8209C.o [1]
DRV_EMU_Read_IVF        0x00008d4f   0x104  Code  Gb  Drv_RN8209C.o [1]
DRV_EMU_Read_Power      0x00008ecd   0x14a  Code  Gb  Drv_RN8209C.o [1]
DRV_IO_Init             0x0001c999     0x4  Code  Gb  Drv_IO.o [1]
DRV_IO_PowerDownInit    0x0001c99d     0x2  Code  Gb  Drv_IO.o [1]
DRV_LCD_FillAll         0x0001cc87     0x4  Code  Gb  Drv_LCD.o [1]
DRV_LCD_Init            0x0001cc19    0x5e  Code  Gb  Drv_LCD.o [1]
DRV_LCD_SleepTimeClr    0x0001cca7     0x8  Code  Gb  Drv_LCD.o [1]
DRV_LCD_SleepTimeSet    0x0001cc9d     0xa  Code  Gb  Drv_LCD.o [1]
DRV_LCD_SleepTimer      0x0001cc8b    0x12  Code  Gb  Drv_LCD.o [1]
DRV_LCD_SleepTimerGet   0x0001ccaf     0x6  Code  Gb  Drv_LCD.o [1]
DRV_LCD_Uninit          0x0001cc77    0x10  Code  Gb  Drv_LCD.o [1]
DRV_RTCCalLoad          0x00018903    0x4c  Code  Gb  Drv_RTCcal.o [1]
DRV_RTCPowerDownTimeGet
                        0x0001220d    0x1c  Code  Gb  Drv_RTC.o [1]
DRV_RTCSecPulseInit     0x000198eb    0x26  Code  Gb  Drv_RTCSecPulse.o [1]
DRV_RTCSecPulsePowerDownInit
                        0x00019911    0x24  Code  Gb  Drv_RTCSecPulse.o [1]
DRV_RTC_Chk             0x00012385    0x3e  Code  Gb  Drv_RTC.o [1]
DRV_RTC_FlashTask       0x0001228f    0x68  Code  Gb  Drv_RTC.o [1]
DRV_RTC_Get             0x000122f7     0x8  Code  Gb  Drv_RTC.o [1]
DRV_RTC_GetSecState     0x0001227d    0x12  Code  Gb  Drv_RTC.o [1]
DRV_RTC_Init            0x000121cf     0xc  Code  Gb  Drv_RTC.o [1]
DRV_RTC_InitPowerDown   0x000121ef    0x1e  Code  Gb  Drv_RTC.o [1]
DRV_RTC_InitUpBatt      0x000121db     0xc  Code  Gb  Drv_RTC.o [1]
DRV_RTC_IntConfig       0x00012069    0x2c  Code  Gb  Drv_RTC.o [1]
DRV_RTC_IntConfigPowerDown
                        0x00012095    0x2a  Code  Gb  Drv_RTC.o [1]
DRV_RTC_ResetState      0x00012377     0xe  Code  Gb  Drv_RTC.o [1]
DRV_RTC_Rest            0x00012155    0x7a  Code  Gb  Drv_RTC.o [1]
DRV_RTC_Set             0x000122ff    0x78  Code  Gb  Drv_RTC.o [1]
DRV_RTC_ValueRest       0x000120e3    0x68  Code  Gb  Drv_RTC.o [1]
DRV_WD_FeedDog          0x0000810d    0x10  Code  Gb  Drv_WD.o [1]
DRV_WD_Init             0x000080dd    0x30  Code  Gb  Drv_WD.o [1]
DataFormat_Config       0x000130e5    0x3a  Code  Gb  drv_uart.o [1]
DateTimeToSeconds       0x00006cfb    0x32  Code  Gb  Clock.o [1]
DebugMon_Handler        0x0001f595          Code  Wk  startup_mb9xfxxx.o [1]
Dec20_To_Hex9           0x0000b44f    0xa8  Code  Gb  User_Stsdes.o [1]
DecPermTab              0x0000b748    0x40  Data  Lc  User_Stsdes.o [1]
DemandClear             0x0000cb2b    0x54  Code  Lc  Demand.o [1]
DemandDataClear         0x0000cb7f    0x24  Code  Gb  Demand.o [1]
DemandDataSave          0x0000cc5d    0x2c  Code  Gb  Demand.o [1]
DemandInfo              0x0000d038    0x10  Data  Lc  Demand.o [1]
DemandInit              0x0000cbab    0xb2  Code  Gb  Demand.o [1]
DemandParaGet           0x0000cd5f   0x27a  Code  Gb  Demand.o [1]
DemandParaSet           0x0000cc9f    0xb8  Code  Gb  Demand.o [1]
DesPro_Process          0x0000bfa3   0x2d2  Code  Gb  User_Stsdes.o [1]
DigitNum                0x0001556c    0x28  Data  Gb  Screen.o [1]
DigitSeg                0x000154a8    0xc4  Data  Gb  Screen.o [1]
DispParaGet             0x0000e375    0x64  Code  Gb  display.o [1]
DispParaSet             0x0000e2e1    0x94  Code  Gb  display.o [1]
Disp_Tamper             0x0000de71    0x6e  Code  Gb  display.o [1]
DisplayActive           0x0000e1c5    0x8e  Code  Gb  display.o [1]
DisplayAlarmDis         0x0000daa3    0x5e  Code  Gb  display.o [1]
DisplayAsciiDis         0x0000d0a7    0x34  Code  Lc  display.o [1]
DisplayBcdDis           0x0000d06f    0x38  Code  Lc  display.o [1]
DisplayBin2bcd          0x0000d049    0x26  Code  Gb  display.o [1]
DisplayCodeValid        0x0000de49    0x28  Code  Gb  display.o [1]
DisplayCurrnetExternalItemNumGet
                        0x0000dc89    0x1a  Code  Lc  display.o [1]
DisplayDateTimeDisMs    0x0000d0e1    0xca  Code  Lc  display.o [1]
DisplayDisRefresh       0x0000dfa5   0x16a  Code  Gb  display.o [1]
DisplayExternalItemAdd  0x0000dbe3    0xa6  Code  Lc  display.o [1]
DisplayExternalItemBitGet
                        0x0000dbcb    0x18  Code  Lc  display.o [1]
DisplayExternalItemBitUpdate
                        0x0000dba5    0x26  Code  Lc  display.o [1]
DisplayExternalItemDis  0x0000dca3    0xe8  Code  Lc  display.o [1]
DisplayGetAutoInfo      0x0000e117    0x2c  Code  Lc  display.o [1]
DisplayGetDisDataId     0x0000dedf    0x3e  Code  Lc  display.o [1]
DisplayGetDivideScreenNum
                        0x0000db01    0x70  Code  Lc  display.o [1]
DisplayIndexAdd         0x0000db71    0x34  Code  Lc  display.o [1]
DisplayInfoDis          0x0000d291   0x168  Code  Lc  display.o [1]
DisplayItem             0x0000d505   0x4d2  Code  Lc  display.o [1]
DisplayKeyBoardCode     0x0000df1d    0x88  Code  Gb  display.o [1]
DisplayKeyBoardString   0x0000da07    0x88  Code  Gb  display.o [1]
DisplayKeySet           0x0000dd93    0x8e  Code  Gb  display.o [1]
DisplayParaInit         0x0000e143    0x32  Code  Lc  display.o [1]
DisplayProcess          0x0000e259    0x82  Code  Gb  display.o [1]
DisplayUnit             0x0000d1c5    0xc4  Code  Lc  display.o [1]
DisplayValueChangeByScale
                        0x0000d3f9   0x10c  Code  Lc  display.o [1]
Dly1us                  0x000166e5     0x2  Code  Gb  IIC.o [1]
Drv_Calibrate_DLT6452007
                        0x000171c5   0x5a2  Code  Gb  Drv_Calibrate.o [1]
Drv_EMU_Measure_Energy  0x000090d9     0x2  Code  Gb  Drv_RN8209C.o [1]
EEPROM_AddrSend         0x00012451    0x3a  Code  Gb  Eeprom.o [1]
EE_BuzzerPara           0x200025b8     0xc  Data  Gb  Buzzer.o [1]
EE_LedPara              0x200026ac     0x8  Data  Lc  drv_Led.o [1]
EE_PrepayPara           0x20001cac   0x118  Data  Gb  User_Prepay.o [1]
EE_RelayControlPara     0x20002594    0x14  Data  Gb  RelayControl.o [1]
EMUCheckSum             0x00008235    0x1c  Code  Lc  Drv_RN8209C.o [1]
EMUIrqRXCallback        0x00013575     0x4  Code  Lc  drv_uart.o [1]
EMUIrqTXCallback        0x00013571     0x4  Code  Lc  drv_uart.o [1]
EMURead                 0x00008b21    0xa8  Code  Gb  Drv_RN8209C.o [1]
EMUUartAutoGoOn         0x00008a4b    0x48  Code  Gb  Drv_RN8209C.o [1]
EMUUartAutoPause        0x00008a3d     0xe  Code  Gb  Drv_RN8209C.o [1]
EMUUartAutoProTask      0x00008885   0x1aa  Code  Gb  Drv_RN8209C.o [1]
EMUUartAutoSendTask     0x0000884f    0x36  Code  Gb  Drv_RN8209C.o [1]
EMUWrite                0x00008aa1    0x7a  Code  Gb  Drv_RN8209C.o [1]
EMU_CMD_BUFF            0x00009404    0x14  Data  Gb  Drv_RN8209C.o [1]
EMU_Parmeter            0x20002648    0x10  Data  Gb  Drv_RN8209C.o [1]
EMU_Register            0x20001850    0x38  Data  Gb  Drv_RN8209C.o [1]
EMU_STATUS              0x20002658     0x4  Data  Gb  Drv_RN8209C.o [1]
EMU_energy              0x200017a8    0xa8  Data  Gb  Drv_RN8209C.o [1]
EMU_variable            0x200016e0    0x78  Data  Gb  Drv_RN8209C.o [1]
EMUcommBuffer           0x200025e0    0x1c  Data  Gb  Drv_RN8209C.o [1]
EXTI_ClrIntFlag         0x000128c7     0x2  Code  Gb  extint_fm3.o [1]
EXTI_DisableInt         0x000128c3     0x4  Code  Gb  extint_fm3.o [1]
EXTI_EnableInt          0x000128a9    0x1a  Code  Gb  extint_fm3.o [1]
EXTI_SetIntDetectMode   0x000128d9    0x1c  Code  Gb  extint_fm3.o [1]
EncodeCaptureObj        0x0001cfa1    0x6a  Code  Lc  DLMS_IC_07.o [3]
EnergyCalcProcess       0x0000a413   0x302  Code  Gb  Energy.o [1]
EnergyClear             0x0000a7bd    0x30  Code  Gb  Energy.o [1]
EnergyDataInit          0x0000a875    0x78  Code  Gb  Energy.o [1]
EnergyDataInitBattery   0x0000a7f7    0x5a  Code  Gb  Energy.o [1]
EnergyIncrementCalculation
                        0x0000a3fb    0x18  Code  Lc  Energy.o [1]
EnergyInfo              0x0000ab1c    0x50  Data  Lc  Energy.o [1]
EnergyParaGet           0x0000a91d    0x96  Code  Gb  Energy.o [1]
EnergyPowerOffProcess   0x0000a903    0x10  Code  Gb  Energy.o [1]
EventBatteryUpdateStateFlagProcess
                        0x000043ad   0x1ca  Code  Gb  Event.o [1]
EventBatteryUpdateStateFlagProcessTask
                        0x000043ab     0x2  Code  Gb  Event.o [1]
EventClear              0x0000509d    0xcc  Code  Gb  Event.o [1]
EventClearRelayByEventCode
                        0x000048db   0x130  Code  Gb  Event.o [1]
EventCoverFlag          0x20002590     0x1  Data  Gb  RelayControl.o [1]
EventDataGetAndSave     0x000041fd    0xda  Code  Lc  Event.o [1]
EventEndEventManagement
                        0x0000435b    0x34  Code  Lc  Event.o [1]
EventFirmwarSwitchSave  0x00005049    0x4e  Code  Gb  Event.o [1]
EventFlagInfoReset      0x0000430f    0x1a  Code  Lc  Event.o [1]
EventGetEventCaptureObis
                        0x000047f9    0x4c  Code  Lc  Event.o [1]
EventGetEventInfo       0x000047b7    0x42  Code  Lc  Event.o [1]
EventGetFlagInfo        0x000042e3    0x2c  Code  Lc  Event.o [1]
EventGetLed             0x00005027    0x1e  Code  Gb  Event.o [1]
EventGetRelay           0x00005009    0x1e  Code  Gb  Event.o [1]
EventGetState           0x00004fe5    0x1c  Code  Gb  Event.o [1]
EventInsertLog          0x00005171    0x3e  Code  Gb  Event.o [1]
EventInsertLogWithTime  0x00004723    0x94  Code  Gb  Event.o [1]
EventLedUpdate          0x00004fad    0x38  Code  Lc  Event.o [1]
EventManageCoverFlag    0x0000459d   0x14e  Code  Lc  Event.o [1]
EventParaGet            0x000051b1   0x358  Code  Gb  Event.o [1]
EventParaSaveProcess    0x000057a9    0x24  Code  Gb  Event.o [1]
EventParaSet            0x000057cd   0x120  Code  Gb  Event.o [1]
EventPowerBatteryInit   0x00004c6d    0x20  Code  Gb  Event.o [1]
EventPowerUpInit        0x00004a0f   0x24a  Code  Gb  Event.o [1]
EventPowerdownInit      0x00004c8d    0x54  Code  Gb  Event.o [1]
EventRealTimeProcess    0x00004e5b    0x6a  Code  Gb  Event.o [1]
EventRelayUpdate        0x00004f6d    0x38  Code  Lc  Event.o [1]
EventSecondProcess      0x00004ceb   0x15e  Code  Gb  Event.o [1]
EventStateUpdate        0x00004f11    0x54  Code  Lc  Event.o [1]
EventStrEventManagement
                        0x00004329    0x32  Code  Lc  Event.o [1]
EventTimeCnt            0x00004ec5    0x42  Code  Gb  Event.o [1]
EventUpdateStateByEventCode
                        0x00004845    0x96  Code  Lc  Event.o [1]
ExtIntCallback          0x2000209c    0x80  Data  Lc  extint_fm3.o [1]
ExtInt_IntHandler       0x000128f5    0x28  Code  Gb  extint_fm3.o [1]
FIFOOVECallback         0x2000000c     0xc  Data  Lc  adc12_fm3.o [1]
FLASH_ERROR             0x2000276c     0x1  Data  Gb  MX25L3206E.o [1]
FindDispCode            0x0000de21    0x28  Code  Gb  display.o [1]
FreezeCalcDailyFreezeTime
                        0x00011617    0x36  Code  Lc  Freeze.o [1]
FreezeCalcDailyPeriod   0x00011507   0x102  Code  Lc  Freeze.o [1]
FreezeDailyDataFreeze   0x0001165d    0x54  Code  Lc  Freeze.o [1]
FreezeInit              0x000116b1    0xa0  Code  Gb  Freeze.o [1]
FreezeParaGet           0x000117c3    0x96  Code  Gb  Freeze.o [1]
FreezeProcess           0x00011759    0x52  Code  Gb  Freeze.o [1]
FreezeResetData         0x000117bb     0x8  Code  Gb  Freeze.o [1]
FreezeResetFreezeTime   0x000117ab    0x10  Code  Gb  Freeze.o [1]
FreezeTimeToDateTime    0x000114b9    0x46  Code  Lc  Freeze.o [1]
G_CurDateTime           0x2000265c    0x10  Data  Gb  Drv_RTC.o [1]
GetChannelInfo          0x0001d0c9    0xd8  Code  Lc  DLMS_IC_07.o [3]
GetCrc16Value           0x00010c2d     0x4  Code  Lc  DLMS_HDLC.o [3]
GetDuration             0x00006bf1    0x14  Code  Gb  Clock.o [1]
GetFE                   0x00013ee3    0x14  Code  Gb  DL645_07.o [1]
GetMonthDays            0x00006c1f    0x22  Code  Gb  Clock.o [1]
GetSpecWeekDay          0x000065ef    0xac  Code  Lc  Clock.o [1]
GetWeekDay              0x00006c05    0x1a  Code  Gb  Clock.o [1]
Get_Byte                0x000119f1    0x40  Code  Gb  MX25L3206E.o [1]
Get_EMU_Energy_Data     0x000092e1    0xd8  Code  Gb  Drv_RN8209C.o [1]
Get_EMU_Measure_Data    0x0000921d    0xb6  Code  Gb  Drv_RN8209C.o [1]
Get_RN8209C_PUI         0x00009025    0xa4  Code  Gb  Drv_RN8209C.o [1]
HWDIntCallback          0x2000275c     0x4  Data  Lc  wd_fm3.o [1]
HWDIntCallbackFunc      0x0000811d     0x2  Code  Gb  Drv_WD.o [1]
HWD_ClrIntFlag          0x00012c45     0xc  Code  Gb  wd_fm3.o [1]
HWD_EnableInt           0x00012c1d     0xc  Code  Gb  wd_fm3.o [1]
HWD_EnableReset         0x00012c19     0x4  Code  Gb  wd_fm3.o [1]
HWD_IntHandler          0x00012c51     0x6  Code  Gb  wd_fm3.o [1]
HWD_SetCount            0x00012c29     0x6  Code  Gb  wd_fm3.o [1]
HWD_UnlockReg           0x00012c2f    0x16  Code  Gb  wd_fm3.o [1]
HardFault_Handler       0x0001f581          Code  Wk  startup_mb9xfxxx.o [1]
Hcr_Calib               0x20002548    0x1c  Data  Gb  Drv_RTCSecPulse.o [1]
HdlcCon                 0x2000244c    0x2c  Data  Lc  DLMS_HDLC.o [3]
Hex2ToBcd1              0x0000b279    0x32  Code  Lc  User_Stsdes.o [1]
Hex_Bcd                 0x0000b2e9    0x3a  Code  Gb  User_Stsdes.o [1]
HourFlag                0x2000266f     0x1  Data  Gb  Drv_RTC.o [1]
I0_PRO_SWI              0x200022ac     0x1  Data  Gb  Drv_Calibrate.o [1]
IAP_CalcImageDigest     0x000102ed   0x1aa  Code  Lc  IAP.o [1]
IAP_INFO                0x0001fff0    0x10  Data  Gb  IAP.o [1]
IAP_IsTransferDone      0x00010497    0x58  Code  Lc  IAP.o [1]
IAP_JumpToBoot          0x0001029d    0x50  Code  Gb  IAP.o [1]
IAP_ParaGet             0x00010571    0xaa  Code  Gb  IAP.o [1]
IAP_ParaSet             0x0001061b   0x21c  Code  Gb  IAP.o [1]
IAP_PowerUpInit         0x000104ef    0x76  Code  Gb  IAP.o [1]
IAP_Process             0x0001056d     0x2  Code  Gb  IAP.o [1]
IEC_21_DL_DelaySend     0x0001b2b1    0x34  Code  Gb  IEC62056_21_DL.o [3]
IEC_21_DL_Sending       0x0001b2ed     0x4  Code  Gb  IEC62056_21_DL.o [3]
IEC_21_Phy_Sending      0x0001a969    0x1c  Code  Gb  IEC62056_21_Phy.o [3]
IEC_21_Phy_TimeCnt      0x0001a959     0xc  Code  Gb  IEC62056_21_Phy.o [3]
IIC_receive400k         0x0001674d    0x3c  Code  Gb  IIC.o [1]
IIC_send400k            0x000166e9    0x64  Code  Gb  IIC.o [1]
IIC_start               0x00016801    0x2e  Code  Gb  IIC.o [1]
IIC_stop                0x00016831    0x26  Code  Gb  IIC.o [1]
IIcInit                 0x00016789    0x3c  Code  Gb  IIC.o [1]
IIcPowerDownInit        0x000167c5    0x26  Code  Gb  IIC.o [1]
IO_ConfigFuncBTTIOAxOuputPin
                        0x00011ec5    0x4a  Code  Gb  io_fm3.o [1]
IO_ConfigFuncBTTIOBxInputPin
                        0x00011e75    0x50  Code  Gb  io_fm3.o [1]
IO_ConfigFuncINTxPin    0x00011f0f    0x32  Code  Gb  io_fm3.o [1]
IO_ConfigFuncMClkPin    0x00011ff5     0x8  Code  Gb  io_fm3.o [1]
IO_ConfigFuncMFSSINxPin
                        0x00011f8d    0x4c  Code  Gb  io_fm3.o [1]
IO_ConfigFuncMFSSOTxPin
                        0x00011f41    0x4c  Code  Gb  io_fm3.o [1]
IO_ConfigGPIOPin        0x00011df3    0x3a  Code  Gb  io_fm3.o [1]
IO_DisableAnalogInput   0x00011dcb     0xe  Code  Gb  io_fm3.o [1]
IO_DisableFunc          0x00011de5     0xe  Code  Gb  io_fm3.o [1]
IO_EnableAnalogInput    0x00011dc5     0x6  Code  Gb  io_fm3.o [1]
IO_EnableFunc           0x00011dd9     0xc  Code  Gb  io_fm3.o [1]
IO_ReadGPIOPin          0x00011e4d    0x28  Code  Gb  io_fm3.o [1]
IO_WriteGPIOPin         0x00011e2d    0x20  Code  Gb  io_fm3.o [1]
IRIrqRXCallback         0x00013565     0x4  Code  Lc  drv_uart.o [1]
IRIrqTXCallback         0x00013561     0x4  Code  Lc  drv_uart.o [1]
IRQ0_Handler            0x0001f5a1          Code  Wk  startup_mb9xfxxx.o [1]
IRQ10_Handler           0x0001e361    0x20  Code  Gb  interrupt.o [1]
IRQ11_Handler           0x0001e381    0x2c  Code  Gb  interrupt.o [1]
IRQ12_Handler           0x0001e3ad    0x20  Code  Gb  interrupt.o [1]
IRQ13_Handler           0x0001e3cd    0x2c  Code  Gb  interrupt.o [1]
IRQ14_Handler           0x0001e3f9    0x20  Code  Gb  interrupt.o [1]
IRQ15_Handler           0x0001e419    0x2c  Code  Gb  interrupt.o [1]
IRQ16_Handler           0x0001e445    0x20  Code  Gb  interrupt.o [1]
IRQ17_Handler           0x0001e465    0x2c  Code  Gb  interrupt.o [1]
IRQ18_Handler           0x0001e491    0x20  Code  Gb  interrupt.o [1]
IRQ19_Handler           0x0001e4b1    0x2c  Code  Gb  interrupt.o [1]
IRQ1_Handler            0x0001e265     0xe  Code  Gb  interrupt.o [1]
IRQ20_Handler           0x0001e4dd    0x20  Code  Gb  interrupt.o [1]
IRQ21_Handler           0x0001e4fd    0x2c  Code  Gb  interrupt.o [1]
IRQ22_Handler           0x0001f5f9          Code  Wk  startup_mb9xfxxx.o [1]
IRQ23_Handler           0x0001e529     0xe  Code  Gb  interrupt.o [1]
IRQ24_Handler           0x0001e537     0xc  Code  Gb  interrupt.o [1]
IRQ25_Handler           0x0001e545     0xc  Code  Gb  interrupt.o [1]
IRQ26_Handler           0x0001f609          Code  Wk  startup_mb9xfxxx.o [1]
IRQ27_Handler           0x0001f60d          Code  Wk  startup_mb9xfxxx.o [1]
IRQ28_Handler           0x0001e551    0x2e  Code  Gb  interrupt.o [1]
IRQ29_Handler           0x0001e543     0x2  Code  Gb  interrupt.o [1]
IRQ2_Handler            0x0001e273     0xe  Code  Gb  interrupt.o [1]
IRQ30_Handler           0x0001f619          Code  Wk  startup_mb9xfxxx.o [1]
IRQ31_Handler           0x0001f61d          Code  Wk  startup_mb9xfxxx.o [1]
IRQ32_Handler           0x0001f621          Code  Wk  startup_mb9xfxxx.o [1]
IRQ33_Handler           0x0001f625          Code  Wk  startup_mb9xfxxx.o [1]
IRQ34_Handler           0x0001f629          Code  Wk  startup_mb9xfxxx.o [1]
IRQ35_Handler           0x0001f62d          Code  Wk  startup_mb9xfxxx.o [1]
IRQ36_Handler           0x0001f631          Code  Wk  startup_mb9xfxxx.o [1]
IRQ37_Handler           0x0001f635          Code  Wk  startup_mb9xfxxx.o [1]
IRQ38_Handler           0x0001f639          Code  Wk  startup_mb9xfxxx.o [1]
IRQ39_Handler           0x0001f63d          Code  Wk  startup_mb9xfxxx.o [1]
IRQ3_Handler            0x0001f5ad          Code  Wk  startup_mb9xfxxx.o [1]
IRQ40_Handler           0x0001f641          Code  Wk  startup_mb9xfxxx.o [1]
IRQ41_Handler           0x0001f645          Code  Wk  startup_mb9xfxxx.o [1]
IRQ42_Handler           0x0001f649          Code  Wk  startup_mb9xfxxx.o [1]
IRQ43_Handler           0x0001f64d          Code  Wk  startup_mb9xfxxx.o [1]
IRQ44_Handler           0x0001f651          Code  Wk  startup_mb9xfxxx.o [1]
IRQ45_Handler           0x0001f655          Code  Wk  startup_mb9xfxxx.o [1]
IRQ46_Handler           0x0001f659          Code  Wk  startup_mb9xfxxx.o [1]
IRQ47_Handler           0x0001f65d          Code  Wk  startup_mb9xfxxx.o [1]
IRQ4_Handler            0x0001e281    0x22  Code  Gb  interrupt.o [1]
IRQ5_Handler            0x0001e2a3    0x26  Code  Gb  interrupt.o [1]
IRQ6_Handler            0x0001e2c9    0x20  Code  Gb  interrupt.o [1]
IRQ7_Handler            0x0001e2e9    0x2c  Code  Gb  interrupt.o [1]
IRQ8_Handler            0x0001e315    0x20  Code  Gb  interrupt.o [1]
IRQ9_Handler            0x0001e335    0x2c  Code  Gb  interrupt.o [1]
InitCaliVal             0x00018901     0x2  Code  Gb  Drv_RTCcal.o [1]
InitPrepayBattery       0x00008079    0x14  Code  Gb  User_Prepay.o [1]
[...]
UIUrunstatus            0x200025c8     0xc  Data  Gb  DL645_07.o [1]
Uart_Add_33             0x00013deb    0x1e  Code  Gb  DL645_07.o [1]
Uart_Frame_Chk          0x00013d65    0x36  Code  Gb  DL645_07.o [1]
Uart_Receive            0x000134d5    0x76  Code  Gb  drv_uart.o [1]
Uart_Send               0x000134a3    0x32  Code  Gb  drv_uart.o [1]
Uart_Sub_33             0x00013dcd    0x1e  Code  Gb  DL645_07.o [1]
Uart_Tran_Frame         0x00013e5d    0x48  Code  Gb  DL645_07.o [1]
UnPacket                0x00014e0f    0x98  Code  Lc  DL645_07.o [1]
Undes                   0x0000b60b   0x11e  Code  Gb  User_Stsdes.o [1]
UsageFault_Handler      0x0001f58d          Code  Wk  startup_mb9xfxxx.o [1]
UserBT1_MatchCallBack   0x000199fd    0x50  Code  Gb  Drv_RTCSecPulse.o [1]
UserBT1_UnderflowCallBack
                        0x00019a4d    0x18  Code  Gb  Drv_RTCSecPulse.o [1]
UserBt0_Init            0x00019935    0x5a  Code  Gb  Drv_RTCSecPulse.o [1]
UserBt1_Init            0x0001998f    0x6c  Code  Gb  Drv_RTCSecPulse.o [1]
UserBt7_Init            0x00019a79    0x44  Code  Gb  Drv_RTCSecPulse.o [1]
UserRTCHourIntCallback  0x00012275     0x8  Code  Gb  Drv_RTC.o [1]
UserRTCMinIntCallback   0x0001226d     0x8  Code  Gb  Drv_RTC.o [1]
UserRTCSecIntCallback   0x0001222d    0x34  Code  Gb  Drv_RTC.o [1]
UserRTCSecIntCallbackPowerDown
                        0x00012261     0xa  Code  Gb  Drv_RTC.o [1]
VariableInfo            0x0000ab6c    0x38  Data  Lc  Energy.o [1]
VariableParaGet         0x0000a9b3   0x130  Code  Gb  Energy.o [1]
VariablePara_07         0x000142d9   0x1fa  Code  Lc  DL645_07.o [1]
VccChkIntFlag           0x20002770     0x1  Data  Gb  PowerManage.o [1]
WildcardTime12ToTime12  0x00006e1d    0x78  Code  Gb  Clock.o [1]
WildcardTime12ToTime12ExceptWeek
                        0x0000669b    0xae  Code  Lc  Clock.o [1]
WriteData               0x00014af9   0x1f0  Code  Gb  DL645_07.o [1]
WriteEepromBytes        0x0001264b    0xba  Code  Gb  Eeprom.o [1]
Write_IIC_Bytes         0x000125bd    0x8e  Code  Gb  Eeprom.o [1]
Xtime2Sbox              0x0001bb1c   0x100  Data  Lc  DLMS_AES.o [3]
Xtime3Sbox              0x0001bc1c   0x100  Data  Lc  DLMS_AES.o [3]
Xtime9                  0x0001bd1c   0x100  Data  Lc  DLMS_AES.o [3]
XtimeB                  0x0001be1c   0x100  Data  Lc  DLMS_AES.o [3]
XtimeD                  0x0001bf1c   0x100  Data  Lc  DLMS_AES.o [3]
XtimeE                  0x0001c01c   0x100  Data  Lc  DLMS_AES.o [3]
ZeroMatchIntCallback    0x2000006c     0xc  Data  Lc  mft_frt_fm3.o [1]
__aeabi_cdcmpeq         0x00018561          Code  Gb  DblCmpEq.o [5]
__aeabi_cdcmple         0x00016d39          Code  Gb  DblCmpLe.o [5]
__aeabi_cdrcmple        0x00018581          Code  Gb  DblCmpGe.o [5]
__aeabi_d2f             0x00019135          Code  Gb  DblToFlt.o [5]
__aeabi_d2iz            0x00012dc1          Code  Gb  DblToI32.o [5]
__aeabi_d2uiz           0x00012ded          Code  Gb  DblToI32.o [5]
__aeabi_dadd            0x00016ee9          Code  Gb  DblAdd.o [5]
__aeabi_ddiv            0x00013985          Code  Gb  DblDiv.o [5]
__aeabi_dmul            0x000137e1          Code  Gb  DblMul.o [5]
__aeabi_dsub            0x00016d69          Code  Gb  DblSub.o [5]
__aeabi_errno_addr      0x000171b1     0x6  Code  Gb  errno.o [4]
__aeabi_f2d             0x000136a9          Code  Gb  FltToDbl.o [5]
__aeabi_f2iz            0x000190f1          Code  Gb  FltToS32.o [5]
__aeabi_fadd            0x000191c5          Code  Gb  FltAdd.o [5]
__aeabi_fdiv            0x000135ad          Code  Gb  FltDiv.o [5]
__aeabi_fmul            0x00019249          Code  Gb  FltMul.o [5]
__aeabi_fsub            0x00019321          Code  Gb  FltSub.o [5]
__aeabi_i2d             0x00015595          Code  Gb  I32ToDbl.o [5]
__aeabi_i2f             0x00013579          Code  Gb  I32ToFlt.o [5]
__aeabi_ldiv0           0x000171bd          Code  Gb  I64DivZer.o [6]
__aeabi_ldivmod         0x00013bcd          Code  Gb  I64DivMod.o [6]
__aeabi_memclr4         0x00005919          Code  Gb  ABImemclr4.o [6]
__aeabi_memcpy          0x000073e9          Code  Gb  ABImemcpy.o [6]
__aeabi_memcpy4         0x00007409          Code  Gb  ABImemcpy.o [6]
__aeabi_memcpy8         0x00007409          Code  Gb  ABImemcpy.o [6]
__aeabi_memset          0x000123e9          Code  Gb  ABImemset.o [6]
__aeabi_memset4         0x0000aba5          Code  Gb  ABImemset48.o [6]
__aeabi_memset8         0x0000aba5          Code  Gb  ABImemset48.o [6]
__aeabi_ui2d            0x000155a9          Code  Gb  I32ToDbl.o [5]
__aeabi_ui2f            0x0001358d          Code  Gb  I32ToFlt.o [5]
__aeabi_ul2d            0x00012c91          Code  Gb  I64ToDbl.o [5]
__aeabi_uldivmod        0x00013c11          Code  Gb  I64DivMod.o [6]
__cmain                 0x0001f509          Code  Gb  cmain.o [6]
__exit                  0x0001f535    0x14  Code  Gb  exit.o [7]
__iar_Atan              0x00016fd1   0x148  Code  Gb  xatan.o [5]
__iar_Dint              0x000184e3    0x7e  Code  Gb  xdint.o [5]
__iar_Dnorm             0x000184a1    0x42  Code  Gb  xdnorm.o [5]
__iar_Dscale            0x000197c5   0x10c  Code  Gb  xdscale.o [5]
__iar_Dtest             0x00019793    0x32  Code  Gb  xdtest.o [5]
__iar_Errno             0x20000098     0x4  Data  Gb  errno.o [4]
__iar_Exp               0x00018659   0x29e  Code  Gb  xexp.o [5]
__iar_Logpoly           0x000185b1    0x6e  Code  Gb  xlog.o [5]
__iar_Memset            0x000123e9          Code  Gb  ABImemset.o [6]
__iar_Memset4_word      0x0000abad          Code  Gb  ABImemset48.o [6]
__iar_Memset8_word      0x0000abad          Code  Gb  ABImemset48.o [6]
__iar_Memset_word       0x000123f1          Code  Gb  ABImemset.o [6]
__iar_copy_init3        0x0000591f    0x2e  Code  Gb  copy_init3.o [6]
__iar_d2uiz             0x00012df9          Code  Gb  DblToI32.o [5]
__iar_dadd              0x00016efd          Code  Gb  DblAdd.o [5]
__iar_data_init3        0x0001f4bd    0x28  Code  Gb  data_init.o [6]
__iar_dlib_perthread_access
                        0x000188fd     0x2  Code  Gb  xtls.o [4]
__iar_dsub              0x00016d7d          Code  Gb  DblSub.o [5]
__iar_dsubStart         0x00016d8f          Code  Gb  DblSub.o [5]
__iar_edom              0x00016ad1          Code  Gb  iarEdom.o [6]
__iar_fadd              0x000191d5          Code  Gb  FltAdd.o [5]
__iar_fsub              0x00019331          Code  Gb  FltSub.o [5]
__iar_fsubStart         0x00019341          Code  Gb  FltSub.o [5]
__iar_program_start     0x0001f565          Code  Gb  cstartup_M.o [6]
__iar_sqrt              0x00012cd1          Code  Gb  sqrt.o [5]
__iar_ui2d              0x000155ad          Code  Gb  I32ToDbl.o [5]
__iar_ui2f              0x00013591          Code  Gb  I32ToFlt.o [5]
__iar_ul2d              0x00012c95          Code  Gb  I64ToDbl.o [5]
__iar_zero_init3        0x00007327    0x22  Code  Gb  zero_init3.o [6]
__low_level_init        0x0001f51f     0x4  Code  Gb  low_level_init.o [4]
__vector_table          0x00001000          Data  Gb  startup_mb9xfxxx.o [1]
_call_main              0x0001f515          Code  Gb  cmain.o [6]
_exit                   0x0001f529          Code  Gb  cexit.o [6]
_main                   0x0001f51b          Code  Gb  cmain.o [6]
a                       0x00017170    0x40  Data  Lc  xatan.o [5]
acos                    0x000136f9    0xe8  Code  Gb  acos.o [5]
c645_eventadddr         0x000140c4    0x78  Data  Lc  DL645_07.o [1]
cAppCnxName             0x0001a8f8     0xc  Data  Gb  DLMS_AL.o [3]
cAssnResult             0x0001a904     0x4  Data  Gb  DLMS_AL.o [3]
cAssnSrcDiagnostic      0x0001a908     0x8  Data  Gb  DLMS_AL.o [3]
cAuthenMechanismName    0x0001a910     0x8  Data  Gb  DLMS_AL.o [3]
cClearDemandObjects     0x000155fc    0x14  Data  Lc  Event.o [1]
cClearEventObjects      0x00015610     0x8  Data  Lc  Event.o [1]
cClearMaxDemandScript   0x0001f3f8    0x50  Data  Lc  Billing.o [1]
cClockPara              0x00007180    0x20  Data  Lc  Clock.o [1]
cDailyFreezeCaptureObjects
                        0x0001186c    0x2c  Data  Lc  Freeze.o [1]
cDailyFreezeTime        0x00011898     0xc  Data  Lc  Freeze.o [1]
cDisplayAutoItem        0x0000e4a8     0x4  Data  Lc  display.o [1]
cDisplayKeyBoardItem    0x0000e4ac   0x280  Data  Lc  display.o [1]
cEventBuyTOKENObjects   0x000155e4     0xc  Data  Lc  Event.o [1]
cEventInfoDul           0x000055b4   0x1e0  Data  Lc  Event.o [1]
cEventInfoSingle        0x00005508    0xa8  Data  Lc  Event.o [1]
cEventLossVolObjects    0x000155c4     0xc  Data  Lc  Event.o [1]
cEventOverloadObjects   0x000155dc     0x4  Data  Lc  Event.o [1]
cEventPowerReverseObjects
                        0x000155d0     0xc  Data  Lc  Event.o [1]
cEventTeckTOKENObjects  0x000155f0     0xc  Data  Lc  Event.o [1]
cLoadCaptureObjects     0x0000a114    0x2c  Data  Lc  LoadProfile.o [1]
cLoadProfileCaptureObjects
                        0x0000a140     0xc  Data  Lc  LoadProfile.o [1]
cLoadProfileobis_07     0x0000a14c   0x150  Data  Lc  LoadProfile.o [1]
cMaxDemandObjects       0x0001f494    0x28  Data  Lc  Billing.o [1]
cMonthBillingObjects    0x0001eec4    0xe8  Data  Lc  Billing.o [1]
cMonthBillingTime       0x0001f558     0xc  Data  Lc  Billing.o [1]
cMonthDays              0x00007170    0x10  Data  Lc  Clock.o [1]
cObjectTable            0x00004094   0x168  Data  Gb  DLMS_Obis.o [1]
cProgrammingObjects     0x00015618     0x8  Data  Lc  Event.o [1]
cSynchronizationObjects
                        0x000155e0     0x4  Data  Lc  Event.o [1]
cTamperEventCode        0x000055b0     0x4  Data  Lc  Event.o [1]
cTariffScriptTab        0x00010278    0x24  Data  Lc  Tariff.o [1]
cUnderAndOverVolPara    0x00004c58     0xc  Data  Lc  Event.o [1]
cUserErrorInfo          0x0001a924     0x8  Data  Gb  DLMS_AL.o [3]
cUserInfo               0x0001a918     0xc  Data  Gb  DLMS_AL.o [3]
com_sign_hold_ct        0x20002774     0x1  Data  Gb  Screen.o [1]
ctos16                  0x0001aab5     0x6  Code  Gb  DLMS_Public.o [3]
ctos32                  0x0001aabb    0x16  Code  Gb  DLMS_Public.o [3]
curAssn                 0x200000c4     0x4  Data  Gb  DLMS_AL.o [3]
curHdlcCon              0x20002478     0x4  Data  Lc  DLMS_HDLC.o [3]
curParaTab              0x200000c0     0x4  Data  Lc  DLMS_AL.o [3]
curReq                  0x200000bc     0x4  Data  Lc  DLMS_AL.o [3]
demand_run              0x20001888   0x17c  Data  Lc  Demand.o [1]
detect_sda              0x00016859    0x36  Code  Gb  IIC.o [1]
disp_code               0x2000270a     0x2  Data  Gb  display.o [1]
disp_ct                 0x20002708     0x2  Data  Gb  display.o [1]
disp_screen             0x20002706     0x1  Data  Gb  display.o [1]
disp_state              0x20002705     0x1  Data  Gb  display.o [1]
disp_timer              0x20002704     0x1  Data  Gb  display.o [1]
energydemand645_obis    0x00014238    0xa0  Data  Lc  DL645_07.o [1]
eng_buy_pre             0x20002444     0x4  Data  Lc  User_Stsdes.o [1]
exit                    0x0001f523     0x4  Code  Gb  exit.o [4]
g_InPutBuff             0x20002414    0x1c  Data  Lc  User_Stsdes.o [1]
g_bKeyASetFlag          0x20002734     0x1  Data  Lc  User_Stsdes.o [1]
g_bKeyBSetFlag          0x20002735     0x1  Data  Lc  User_Stsdes.o [1]
g_bKeySetErrFlag        0x20002736     0x1  Data  Lc  User_Stsdes.o [1]
g_bKeyStyleFlag         0x20002430     0x1  Data  Lc  User_Stsdes.o [1]
g_cPwdVerNo             0x20002738     0x1  Data  Lc  User_Stsdes.o [1]
g_cTariffNo             0x20002739     0x1  Data  Lc  User_Stsdes.o [1]
g_cTidKen               0x20002737     0x1  Data  Lc  User_Stsdes.o [1]
g_lKeyTimeOver          0x20002440     0x2  Data  Lc  User_Stsdes.o [1]
g_pMFSIRQCallback       0x200021f4    0x60  Data  Gb  mfs_fm3.o [1]
get_data16              0x0001afdd     0x4  Code  Gb  DLMS_Public.o [3]
get_data32              0x0001afeb    0x16  Code  Gb  DLMS_Public.o [3]
internal_Pow            0x00015621   0x428  Code  Lc  pow.o [5]
labs                    0x00012c89     0x8  Code  Gb  labs.o [4]
led_alarm_hold_ct       0x200026a4     0x1  Data  Gb  drv_Led.o [1]
led_back_hold_ct        0x200026a7     0x1  Data  Gb  drv_Led.o [1]
led_eng_green_hold_ct   0x200026a6     0x1  Data  Gb  drv_Led.o [1]
led_eng_red_hold_ct     0x200026a5     0x1  Data  Gb  drv_Led.o [1]
lnbias                  0x00015a60   0x420  Data  Lc  pow.o [5]
lnrx                    0x200025d4     0x1  Data  Lc  DL645_07.o [1]
lvdIntFlag              0x20002771     0x1  Data  Gb  PowerManage.o [1]
main                    0x0001c11d   0x204  Code  Gb  main.o [1]
memcmp                  0x00013d01          Code  Gb  memcmp.o [6]
memcpy                  0x00005d37     0xc  Code  Gb  display.o [1]
memset                  0x000071a1    0x14  Code  Gb  task.o [1]
oneDayCnt               0x20002750     0x4  Data  Gb  RF.o [1]
pFM3_MFT_FRT_BASE       0x2000005c     0x4  Data  Lc  mft_frt_fm3.o [1]
pIEC_21_DL_CurAss       0x20002498     0x4  Data  Lc  IEC62056_21_DL.o [3]
pLVD_IntCallback        0x20002758     0x4  Data  Lc  lvd_fm3.o [1]
pMFS_UART_REG           0x2000003c    0x20  Data  Lc  uart_fm3.o [1]
pow                     0x00015a4f     0xe  Code  Gb  pow.o [5]
prepay_state            0x20002775     0x1  Data  Lc  User_Prepay.o [1]
prepaycredit_en         0x2000272c     0x1  Data  Lc  User_Prepay.o [1]
prepaycredit_en_day     0x2000272d     0x1  Data  Lc  User_Prepay.o [1]
read_IIC_bytes          0x0001248d    0xf4  Code  Gb  Eeprom.o [1]
relay_test_ct           0x20002773     0x1  Data  Gb  RelayControl.o [1]
run_data                0x20001a04   0x17c  Data  Gb  Energy.o [1]
s16toc                  0x0001aad1     0x8  Code  Gb  DLMS_Public.o [3]
s32toc                  0x0001aad9    0x10  Code  Gb  DLMS_Public.o [3]
sBaudRate               0x20002490     0x8  Data  Lc  IEC62056_21_DL.o [3]
sClearChannelCnt        0x20000090     0x4  Data  Lc  DLMS_Phy.o [3]
sClockBroadcastDays     0x20002712     0x2  Data  Lc  Clock.o [1]
sClockStatus            0x2000270c     0x4  Data  Lc  Clock.o [1]
sCommData               0x20000288   0x754  Data  Lc  DLMS_AL.o [3]
sCommRxLen              0x20002670     0x8  Data  Lc  ProtocolManage.o [1]
sConnectFlag            0x20002448     0x1  Data  Lc  DLMS_HDLC.o [3]
sCoverDetectFlag        0x200026b8     0x4  Data  Lc  key.o [1]
sCrc16                  0x200026f6     0x2  Data  Lc  IAP.o [1]
sCurTariff_E            0x20000084     0x1  Data  Lc  Tariff.o [1]
sCurrentChannel         0x20000088     0x1  Data  Lc  DLMS_Phy.o [3]
sDLMS_Phy_TimeTick      0x2000008c     0x4  Data  Lc  DLMS_Phy.o [3]
sDailyFreezeTime        0x20002714     0x8  Data  Lc  Freeze.o [1]
sDaylightSavingEnable   0x20002710     0x1  Data  Lc  Clock.o [1]
sDaylightSavingEnd      0x200026dc     0xc  Data  Lc  Clock.o [1]
sDaylightSavingStr      0x200026d0     0xc  Data  Lc  Clock.o [1]
sDisplayAutoObject      0x200024b0    0x2c  Data  Gb  display.o [1]
sDisplayInfo            0x20002700     0x4  Data  Lc  display.o [1]
sEncodePara             0x20001b80   0x12c  Data  Lc  DLMS_IC_07.o [3]
sEventBatteryLowFlagInfo
                        0x200022fc     0x4  Data  Lc  Event.o [1]
sEventCoverFlag         0x20002744     0x4  Data  Lc  Event.o [1]
sEventFlagInfo          0x20002300    0x28  Data  Lc  Event.o [1]
sEventLed               0x20002338     0x8  Data  Gb  Event.o [1]
sEventRelay             0x20002330     0x8  Data  Gb  Event.o [1]
sEventRunningTime       0x20002348     0x4  Data  Lc  Event.o [1]
sEventState             0x20002328     0x8  Data  Gb  Event.o [1]
sFlagCfg                0x2000247c     0x4  Data  Lc  IEC62056_21_DL.o [3]
sHardWare_Versions_ASCLL
                        0x0000cae0    0x20  Data  Lc  MeterInfo.o [1]
sIEC_21_DL_Ass          0x2000234c    0x50  Data  Lc  IEC62056_21_DL.o [3]
sIEC_21_DL_SendBuf      0x2000249c    0x14  Data  Lc  IEC62056_21_DL.o [3]
sIEC_21_Phy_TimeTicks   0x20002764     0x4  Data  Lc  IEC62056_21_Phy.o [3]
sImageActiveState       0x200026f5     0x1  Data  Lc  IAP.o [1]
sImageCalcDigestIndex   0x200026f8     0x4  Data  Lc  IAP.o [1]
sImageCalcDigestLen     0x200026fc     0x4  Data  Lc  IAP.o [1]
sImageTransferState     0x200026f4     0x1  Data  Lc  IAP.o [1]
sLoadProfilePara        0x20002684    0x10  Data  Lc  LoadProfile.o [1]
sLoadProfileTime        0x2000271c     0x8  Data  Lc  LoadProfile.o [1]
sManualBillingInterval  0x20002768     0x1  Data  Lc  Billing.o [1]
sManualBillingTime      0x2000273c     0x4  Data  Lc  Billing.o [1]
sMaxData                0x20001dc4    0xa0  Data  Lc  Billing.o [1]
sMaxDemandSaveFlag      0x20002769     0x1  Data  Lc  Billing.o [1]
sMaxDemandTimeState     0x20002634    0x14  Data  Lc  Billing.o [1]
sMeterCommLockInfo      0x20002724     0x8  Data  Lc  MeterInfo.o [1]
sMonthBillingTime       0x200026c4     0xc  Data  Lc  Billing.o [1]
sPhyRec                 0x200014dc   0x1b4  Data  Lc  DLMS_Phy.o [3]
sProKeyDetectFlag       0x200026b4     0x4  Data  Lc  key.o [1]
sRelayStateInfo         0x20002588     0x8  Data  Gb  RelayControl.o [1]
sScrKeyDetectFlag       0x200026c0     0x4  Data  Lc  key.o [1]
sSendInfo               0x20002480    0x10  Data  Lc  IEC62056_21_DL.o [3]
sSoftWare_Versions_ASCLL
                        0x0001ffd0    0x20  Data  Lc  MeterInfo.o [1]
sTariffDateTime         0x20000078     0xc  Data  Lc  Tariff.o [1]
sTariffScriptTab        0x20002504    0x24  Data  Lc  Tariff.o [1]
sTariffSeasonTimeInfo   0x20001f00    0x94  Data  Lc  Tariff.o [1]
sTariffSwitchTimeAndFlag
                        0x20002694    0x10  Data  Lc  Tariff.o [1]
sTermDetectFlag         0x200026bc     0x4  Data  Lc  key.o [1]
sTimeTariffProfileInfo  0x20001690    0x4c  Data  Lc  Tariff.o [1]
sUnderAndOverVolPara    0x200026e8     0xc  Data  Gb  Event.o [1]
s_AlarmMode             0x20002618     0x1  Data  Lc  rtc_fm3.o [1]
s_RTCAlarmIntCallback   0x2000261c     0x4  Data  Lc  rtc_fm3.o [1]
s_RTCHourIntCallback    0x20002630     0x4  Data  Lc  rtc_fm3.o [1]
s_RTCMinIntCallback     0x2000262c     0x4  Data  Lc  rtc_fm3.o [1]
s_RTCSecIntCallback     0x20002628     0x4  Data  Lc  rtc_fm3.o [1]
s_RTCSubSecIntCallback  0x20002624     0x4  Data  Lc  rtc_fm3.o [1]
s_RTCTimerIntCallback   0x20002620     0x4  Data  Lc  rtc_fm3.o [1]
s_ResVal                0x00018c8c   0x464  Data  Gb  TempSample.o [1]
s_ThriceComp            0x00018aa4    0xf0  Data  Gb  Drv_RTCcal.o [1]
sap_assignment_list     0x0000cad0    0x10  Data  Lc  MeterInfo.o [1]
save_flag               0x2000276a     0x1  Data  Lc  Energy.o [1]
scrKeyIntFlag           0x2000276d     0x1  Data  Gb  PowerManage.o [1]
set_data16              0x0001afe9     0x2  Code  Gb  DLMS_Public.o [3]
set_data32              0x0001b001     0x8  Code  Gb  DLMS_Public.o [3]
spCommRxPoint           0x20002678     0xc  Data  Lc  ProtocolManage.o [1]
sqrt                    0x00012cd1          Code  Gb  sqrt.o [5]
sqrtl                   0x00012cd1          Code  Gb  sqrt.o [5]
sts_disp_byte           0x20002431     0x1  Data  Gb  User_Stsdes.o [1]
sts_send_byte           0x20002432     0x1  Data  Gb  User_Stsdes.o [1]
taskBuffHigh            0x20002254    0x50  Data  Lc  task.o [1]
taskBuffLow             0x20000fe8   0x2d0  Data  Lc  task.o [1]
tickCounter             0x200022a8     0x4  Data  Lc  task.o [1]
tickCounterInt          0x200022a4     0x4  Data  Lc  task.o [1]
turn_eng_red            0x200026a9     0x1  Data  Gb  drv_Led.o [1]
turn_led_alarm          0x200026a8     0x1  Data  Gb  drv_Led.o [1]
uart_buff               0x200025dc     0x4  Data  Gb  DL645_07.o [1]
uart_err                0x200025d8     0x4  Data  Gb  DL645_07.o [1]
variable                0x000144d4    0x60  Data  Lc  DL645_07.o [1]
wakeUpTimer             0x2000274c     0x4  Data  Gb  PowerManage.o [1]


[1] = E:\工作用盘\DDSY23-G601\Project\Debug\Obj
[2] = command line
[3] = DlmsProtocol.a
[4] = dl7M_tln.a
[5] = m7M_tl.a
[6] = rt7M_tl.a
[7] = shb_l.a

  111 370 bytes of readonly  code memory
   13 346 bytes of readonly  data memory
   13 174 bytes of readwrite data memory

Errors: none
Warnings: none
